Component: ARM Compiler 5.06 update 7 (build 960) Tool: armlink [4d3601]

==============================================================================

Section Cross References

    startup_stm32f10x_md.o(RESET) refers to startup_stm32f10x_md.o(STACK) for __initial_sp
    startup_stm32f10x_md.o(RESET) refers to startup_stm32f10x_md.o(.text) for Reset_Handler
    startup_stm32f10x_md.o(RESET) refers to stm32f10x_it.o(.text) for NMI_Handler
    startup_stm32f10x_md.o(RESET) refers to timer.o(.text) for TIM1_UP_IRQHandler
    startup_stm32f10x_md.o(RESET) refers to usart.o(.text) for USART1_IRQHandler
    startup_stm32f10x_md.o(RESET) refers to usart2.o(.text) for USART2_IRQHandler
    startup_stm32f10x_md.o(RESET) refers to usart3.o(.text) for USART3_IRQHandler
    startup_stm32f10x_md.o(.text) refers to system_stm32f10x.o(.text) for SystemInit
    startup_stm32f10x_md.o(.text) refers to entry.o(.ARM.Collect$$$$00000000) for __main
    system_stm32f10x.o(.text) refers to system_stm32f10x.o(.data) for SystemCoreClock
    stm32f10x_gpio.o(.text) refers to stm32f10x_rcc.o(.text) for RCC_APB2PeriphResetCmd
    stm32f10x_rcc.o(.text) refers to stm32f10x_rcc.o(.data) for APBAHBPrescTable
    stm32f10x_tim.o(.text) refers to stm32f10x_rcc.o(.text) for RCC_APB2PeriphResetCmd
    stm32f10x_usart.o(.text) refers to stm32f10x_rcc.o(.text) for RCC_APB2PeriphResetCmd
    stm32f10x_bkp.o(.text) refers to stm32f10x_rcc.o(.text) for RCC_BackupResetCmd
    stm32f10x_pwr.o(.text) refers to stm32f10x_rcc.o(.text) for RCC_APB1PeriphResetCmd
    stm32f10x_adc.o(.text) refers to stm32f10x_rcc.o(.text) for RCC_APB2PeriphResetCmd
    delay.o(.text) refers to delay.o(.data) for UsCount
    usart.o(.text) refers to stm32f10x_usart.o(.text) for USART_GetFlagStatus
    usart.o(.text) refers to stm32f10x_rcc.o(.text) for RCC_APB2PeriphClockCmd
    usart.o(.text) refers to stm32f10x_gpio.o(.text) for GPIO_Init
    usart.o(.text) refers to misc.o(.text) for NVIC_Init
    usart.o(.text) refers to usart.o(.data) for res_state
    usart.o(.text) refers to main.o(.data) for temp_th
    usart3.o(.text) refers to stm32f10x_usart.o(.text) for USART_GetITStatus
    usart3.o(.text) refers to stm32f10x_rcc.o(.text) for RCC_APB2PeriphClockCmd
    usart3.o(.text) refers to stm32f10x_gpio.o(.text) for GPIO_Init
    usart3.o(.text) refers to misc.o(.text) for NVIC_Init
    iwdg.o(.text) refers to stm32f10x_iwdg.o(.text) for IWDG_WriteAccessCmd
    key.o(.text) refers to stm32f10x_rcc.o(.text) for RCC_APB2PeriphClockCmd
    key.o(.text) refers to stm32f10x_gpio.o(.text) for GPIO_PinRemapConfig
    led.o(.text) refers to stm32f10x_rcc.o(.text) for RCC_APB2PeriphClockCmd
    led.o(.text) refers to stm32f10x_gpio.o(.text) for GPIO_Init
    timer.o(.text) refers to stm32f10x_rcc.o(.text) for RCC_APB2PeriphClockCmd
    timer.o(.text) refers to stm32f10x_tim.o(.text) for TIM_TimeBaseInit
    timer.o(.text) refers to misc.o(.text) for NVIC_Init
    rtc.o(.text) refers to stm32f10x_rcc.o(.text) for RCC_APB1PeriphClockCmd
    rtc.o(.text) refers to stm32f10x_pwr.o(.text) for PWR_BackupAccessCmd
    rtc.o(.text) refers to stm32f10x_bkp.o(.text) for BKP_DeInit
    rtc.o(.text) refers to stm32f10x_rtc.o(.text) for RTC_WaitForSynchro
    rtc.o(.text) refers to misc.o(.text) for NVIC_Init
    rtc.o(.text) refers to printfa.o(i.__0printf) for __2printf
    usart2.o(.text) refers to stm32f10x_rcc.o(.text) for RCC_APB2PeriphClockCmd
    usart2.o(.text) refers to stm32f10x_gpio.o(.text) for GPIO_Init
    usart2.o(.text) refers to stm32f10x_usart.o(.text) for USART_Init
    usart2.o(.text) refers to misc.o(.text) for NVIC_Init
    adc.o(.text) refers to stm32f10x_rcc.o(.text) for RCC_APB2PeriphClockCmd
    adc.o(.text) refers to stm32f10x_adc.o(.text) for ADC_DeInit
    lsens.o(.text) refers to stm32f10x_rcc.o(.text) for RCC_APB2PeriphClockCmd
    lsens.o(.text) refers to stm32f10x_gpio.o(.text) for GPIO_Init
    lsens.o(.text) refers to adc.o(.text) for Adc1_Init
    lsens.o(.text) refers to ffltui.o(.text) for __aeabi_ui2f
    lsens.o(.text) refers to fadd.o(.text) for __aeabi_fadd
    lsens.o(.text) refers to delay.o(.text) for DelayMs
    lsens.o(.text) refers to fdiv.o(.text) for __aeabi_fdiv
    lsens.o(.text) refers to f2d.o(.text) for __aeabi_f2d
    lsens.o(.text) refers to dmul.o(.text) for __aeabi_dmul
    lsens.o(.text) refers to ddiv.o(.text) for __aeabi_ddiv
    lsens.o(.text) refers to d2f.o(.text) for __aeabi_d2f
    dht11.o(.text) refers to stm32f10x_rcc.o(.text) for RCC_APB2PeriphClockCmd
    dht11.o(.text) refers to stm32f10x_gpio.o(.text) for GPIO_Init
    dht11.o(.text) refers to delay.o(.text) for DelayXms
    sgp30.o(.text) refers to stm32f10x_rcc.o(.text) for RCC_APB2PeriphClockCmd
    sgp30.o(.text) refers to stm32f10x_gpio.o(.text) for GPIO_Init
    sgp30.o(.text) refers to delay.o(.text) for DelayUs
    tim2.o(.text) refers to stm32f10x_rcc.o(.text) for RCC_APB1PeriphClockCmd
    tim2.o(.text) refers to dfltui.o(.text) for __aeabi_ui2d
[...]
    printf0.o(i.__0fprintf$0) refers to printf0.o(i._printf_core) for _printf_core
    printf0.o(i.__0fprintf$0) refers to usart.o(.text) for fputc
    printf0.o(i.__0printf$0) refers to printf0.o(i._printf_core) for _printf_core
    printf0.o(i.__0printf$0) refers to usart.o(.text) for fputc
    printf0.o(i.__0printf$0) refers to stdout.o(.data) for __stdout
    printf0.o(i.__0snprintf$0) refers to printf0.o(i._printf_core) for _printf_core
    printf0.o(i.__0snprintf$0) refers to printf0.o(i._snputc) for _snputc
    printf0.o(i.__0sprintf$0) refers to printf0.o(i._printf_core) for _printf_core
    printf0.o(i.__0sprintf$0) refers to printf0.o(i._sputc) for _sputc
    printf0.o(i.__0vfprintf$0) refers to printf0.o(i._printf_core) for _printf_core
    printf0.o(i.__0vfprintf$0) refers to usart.o(.text) for fputc
    printf0.o(i.__0vprintf$0) refers to printf0.o(i._printf_core) for _printf_core
    printf0.o(i.__0vprintf$0) refers to usart.o(.text) for fputc
    printf0.o(i.__0vprintf$0) refers to stdout.o(.data) for __stdout
    printf0.o(i.__0vsnprintf$0) refers to printf0.o(i._printf_core) for _printf_core
    printf0.o(i.__0vsnprintf$0) refers to printf0.o(i._snputc) for _snputc
    printf0.o(i.__0vsprintf$0) refers to printf0.o(i._printf_core) for _printf_core
    printf0.o(i.__0vsprintf$0) refers to printf0.o(i._sputc) for _sputc
    printf1.o(i.__0fprintf$1) refers to printf1.o(i._printf_core) for _printf_core
    printf1.o(i.__0fprintf$1) refers to usart.o(.text) for fputc
    printf1.o(i.__0printf$1) refers to printf1.o(i._printf_core) for _printf_core
    printf1.o(i.__0printf$1) refers to usart.o(.text) for fputc
    printf1.o(i.__0printf$1) refers to stdout.o(.data) for __stdout
    printf1.o(i.__0snprintf$1) refers to printf1.o(i._printf_core) for _printf_core
    printf1.o(i.__0snprintf$1) refers to printf1.o(i._snputc) for _snputc
    printf1.o(i.__0sprintf$1) refers to printf1.o(i._printf_core) for _printf_core
    printf1.o(i.__0sprintf$1) refers to printf1.o(i._sputc) for _sputc
    printf1.o(i.__0vfprintf$1) refers to printf1.o(i._printf_core) for _printf_core
    printf1.o(i.__0vfprintf$1) refers to usart.o(.text) for fputc
    printf1.o(i.__0vprintf$1) refers to printf1.o(i._printf_core) for _printf_core
    printf1.o(i.__0vprintf$1) refers to usart.o(.text) for fputc
    printf1.o(i.__0vprintf$1) refers to stdout.o(.data) for __stdout
    printf1.o(i.__0vsnprintf$1) refers to printf1.o(i._printf_core) for _printf_core
    printf1.o(i.__0vsnprintf$1) refers to printf1.o(i._snputc) for _snputc
    printf1.o(i.__0vsprintf$1) refers to printf1.o(i._printf_core) for _printf_core
    printf1.o(i.__0vsprintf$1) refers to printf1.o(i._sputc) for _sputc
    printf1.o(i._printf_core) refers to uidiv.o(.text) for __aeabi_uidivmod
    printf2.o(i.__0fprintf$2) refers to printf2.o(i._printf_core) for _printf_core
    printf2.o(i.__0fprintf$2) refers to usart.o(.text) for fputc
    printf2.o(i.__0printf$2) refers to printf2.o(i._printf_core) for _printf_core
    printf2.o(i.__0printf$2) refers to usart.o(.text) for fputc
    printf2.o(i.__0printf$2) refers to stdout.o(.data) for __stdout
    printf2.o(i.__0snprintf$2) refers to printf2.o(i._printf_core) for _printf_core
    printf2.o(i.__0snprintf$2) refers to printf2.o(i._snputc) for _snputc
    printf2.o(i.__0sprintf$2) refers to printf2.o(i._printf_core) for _printf_core
    printf2.o(i.__0sprintf$2) refers to printf2.o(i._sputc) for _sputc
    printf2.o(i.__0vfprintf$2) refers to printf2.o(i._printf_core) for _printf_core
    printf2.o(i.__0vfprintf$2) refers to usart.o(.text) for fputc
    printf2.o(i.__0vprintf$2) refers to printf2.o(i._printf_core) for _printf_core
    printf2.o(i.__0vprintf$2) refers to usart.o(.text) for fputc
    printf2.o(i.__0vprintf$2) refers to stdout.o(.data) for __stdout
    printf2.o(i.__0vsnprintf$2) refers to printf2.o(i._printf_core) for _printf_core
    printf2.o(i.__0vsnprintf$2) refers to printf2.o(i._snputc) for _snputc
    printf2.o(i.__0vsprintf$2) refers to printf2.o(i._printf_core) for _printf_core
    printf2.o(i.__0vsprintf$2) refers to printf2.o(i._sputc) for _sputc
    printf3.o(i.__0fprintf$3) refers to printf3.o(i._printf_core) for _printf_core
    printf3.o(i.__0fprintf$3) refers to usart.o(.text) for fputc
    printf3.o(i.__0printf$3) refers to printf3.o(i._printf_core) for _printf_core
    printf3.o(i.__0printf$3) refers to usart.o(.text) for fputc
    printf3.o(i.__0printf$3) refers to stdout.o(.data) for __stdout
    printf3.o(i.__0snprintf$3) refers to printf3.o(i._printf_core) for _printf_core
    printf3.o(i.__0snprintf$3) refers to printf3.o(i._snputc) for _snputc
    printf3.o(i.__0sprintf$3) refers to printf3.o(i._printf_core) for _printf_core
    printf3.o(i.__0sprintf$3) refers to printf3.o(i._sputc) for _sputc
    printf3.o(i.__0vfprintf$3) refers to printf3.o(i._printf_core) for _printf_core
    printf3.o(i.__0vfprintf$3) refers to usart.o(.text) for fputc
    printf3.o(i.__0vprintf$3) refers to printf3.o(i._printf_core) for _printf_core
    printf3.o(i.__0vprintf$3) refers to usart.o(.text) for fputc
    printf3.o(i.__0vprintf$3) refers to stdout.o(.data) for __stdout
    printf3.o(i.__0vsnprintf$3) refers to printf3.o(i._printf_core) for _printf_core
    printf3.o(i.__0vsnprintf$3) refers to printf3.o(i._snputc) for _snputc
    printf3.o(i.__0vsprintf$3) refers to printf3.o(i._printf_core) for _printf_core
    printf3.o(i.__0vsprintf$3) refers to printf3.o(i._sputc) for _sputc
    printf3.o(i._printf_core) refers to uidiv.o(.text) for __aeabi_uidivmod
    printf4.o(i.__0fprintf$4) refers to printf4.o(i._printf_core) for _printf_core
    printf4.o(i.__0fprintf$4) refers to usart.o(.text) for fputc
    printf4.o(i.__0printf$4) refers to printf4.o(i._printf_core) for _printf_core
    printf4.o(i.__0printf$4) refers to usart.o(.text) for fputc
    printf4.o(i.__0printf$4) refers to stdout.o(.data) for __stdout
    printf4.o(i.__0snprintf$4) refers to printf4.o(i._printf_core) for _printf_core
    printf4.o(i.__0snprintf$4) refers to printf4.o(i._snputc) for _snputc
    printf4.o(i.__0sprintf$4) refers to printf4.o(i._printf_core) for _printf_core
    printf4.o(i.__0sprintf$4) refers to printf4.o(i._sputc) for _sputc
    printf4.o(i.__0vfprintf$4) refers to printf4.o(i._printf_core) for _printf_core
    printf4.o(i.__0vfprintf$4) refers to usart.o(.text) for fputc
    printf4.o(i.__0vprintf$4) refers to printf4.o(i._printf_core) for _printf_core
    printf4.o(i.__0vprintf$4) refers to usart.o(.text) for fputc
    printf4.o(i.__0vprintf$4) refers to stdout.o(.data) for __stdout
    printf4.o(i.__0vsnprintf$4) refers to printf4.o(i._printf_core) for _printf_core
    printf4.o(i.__0vsnprintf$4) refers to printf4.o(i._snputc) for _snputc
    printf4.o(i.__0vsprintf$4) refers to printf4.o(i._printf_core) for _printf_core
    printf4.o(i.__0vsprintf$4) refers to printf4.o(i._sputc) for _sputc
    printf4.o(i._printf_core) refers to uldiv.o(.text) for __aeabi_uldivmod
    printf5.o(i.__0fprintf$5) refers to printf5.o(i._printf_core) for _printf_core
    printf5.o(i.__0fprintf$5) refers to usart.o(.text) for fputc
    printf5.o(i.__0printf$5) refers to printf5.o(i._printf_core) for _printf_core
    printf5.o(i.__0printf$5) refers to usart.o(.text) for fputc
    printf5.o(i.__0printf$5) refers to stdout.o(.data) for __stdout
    printf5.o(i.__0snprintf$5) refers to printf5.o(i._printf_core) for _printf_core
    printf5.o(i.__0snprintf$5) refers to printf5.o(i._snputc) for _snputc
    printf5.o(i.__0sprintf$5) refers to printf5.o(i._printf_core) for _printf_core
    printf5.o(i.__0sprintf$5) refers to printf5.o(i._sputc) for _sputc
    printf5.o(i.__0vfprintf$5) refers to printf5.o(i._printf_core) for _printf_core
    printf5.o(i.__0vfprintf$5) refers to usart.o(.text) for fputc
    printf5.o(i.__0vprintf$5) refers to printf5.o(i._printf_core) for _printf_core
    printf5.o(i.__0vprintf$5) refers to usart.o(.text) for fputc
    printf5.o(i.__0vprintf$5) refers to stdout.o(.data) for __stdout
    printf5.o(i.__0vsnprintf$5) refers to printf5.o(i._printf_core) for _printf_core
    printf5.o(i.__0vsnprintf$5) refers to printf5.o(i._snputc) for _snputc
    printf5.o(i.__0vsprintf$5) refers to printf5.o(i._printf_core) for _printf_core
    printf5.o(i.__0vsprintf$5) refers to printf5.o(i._sputc) for _sputc
    printf5.o(i._printf_core) refers to uldiv.o(.text) for __aeabi_uldivmod
    printf6.o(i.__0fprintf$6) refers to printf6.o(i._printf_core) for _printf_core
    printf6.o(i.__0fprintf$6) refers to usart.o(.text) for fputc
    printf6.o(i.__0printf$6) refers to printf6.o(i._printf_core) for _printf_core
    printf6.o(i.__0printf$6) refers to usart.o(.text) for fputc
    printf6.o(i.__0printf$6) refers to stdout.o(.data) for __stdout
    printf6.o(i.__0snprintf$6) refers to printf6.o(i._printf_core) for _printf_core
    printf6.o(i.__0snprintf$6) refers to printf6.o(i._snputc) for _snputc
    printf6.o(i.__0sprintf$6) refers to printf6.o(i._printf_core) for _printf_core
    printf6.o(i.__0sprintf$6) refers to printf6.o(i._sputc) for _sputc
    printf6.o(i.__0vfprintf$6) refers to printf6.o(i._printf_core) for _printf_core
    printf6.o(i.__0vfprintf$6) refers to usart.o(.text) for fputc
    printf6.o(i.__0vprintf$6) refers to printf6.o(i._printf_core) for _printf_core
    printf6.o(i.__0vprintf$6) refers to usart.o(.text) for fputc
    printf6.o(i.__0vprintf$6) refers to stdout.o(.data) for __stdout
    printf6.o(i.__0vsnprintf$6) refers to printf6.o(i._printf_core) for _printf_core
    printf6.o(i.__0vsnprintf$6) refers to printf6.o(i._snputc) for _snputc
    printf6.o(i.__0vsprintf$6) refers to printf6.o(i._printf_core) for _printf_core
    printf6.o(i.__0vsprintf$6) refers to printf6.o(i._sputc) for _sputc
    printf6.o(i._printf_core) refers to printf6.o(i._printf_pre_padding) for _printf_pre_padding
    printf6.o(i._printf_core) refers to uidiv.o(.text) for __aeabi_uidivmod
    printf6.o(i._printf_core) refers to printf6.o(i._printf_post_padding) for _printf_post_padding
    printf7.o(i.__0fprintf$7) refers to printf7.o(i._printf_core) for _printf_core
    printf7.o(i.__0fprintf$7) refers to usart.o(.text) for fputc
    printf7.o(i.__0printf$7) refers to printf7.o(i._printf_core) for _printf_core
    printf7.o(i.__0printf$7) refers to usart.o(.text) for fputc
    printf7.o(i.__0printf$7) refers to stdout.o(.data) for __stdout
    printf7.o(i.__0snprintf$7) refers to printf7.o(i._printf_core) for _printf_core
    printf7.o(i.__0snprintf$7) refers to printf7.o(i._snputc) for _snputc
    printf7.o(i.__0sprintf$7) refers to printf7.o(i._printf_core) for _printf_core
    printf7.o(i.__0sprintf$7) refers to printf7.o(i._sputc) for _sputc
    printf7.o(i.__0vfprintf$7) refers to printf7.o(i._printf_core) for _printf_core
    printf7.o(i.__0vfprintf$7) refers to usart.o(.text) for fputc
    printf7.o(i.__0vprintf$7) refers to printf7.o(i._printf_core) for _printf_core
    printf7.o(i.__0vprintf$7) refers to usart.o(.text) for fputc
    printf7.o(i.__0vprintf$7) refers to stdout.o(.data) for __stdout
    printf7.o(i.__0vsnprintf$7) refers to printf7.o(i._printf_core) for _printf_core
    printf7.o(i.__0vsnprintf$7) refers to printf7.o(i._snputc) for _snputc
    printf7.o(i.__0vsprintf$7) refers to printf7.o(i._printf_core) for _printf_core
    printf7.o(i.__0vsprintf$7) refers to printf7.o(i._sputc) for _sputc
    printf7.o(i._printf_core) refers to printf7.o(i._printf_pre_padding) for _printf_pre_padding
    printf7.o(i._printf_core) refers to uldiv.o(.text) for __aeabi_uldivmod
    printf7.o(i._printf_core) refers to printf7.o(i._printf_post_padding) for _printf_post_padding
    printf8.o(i.__0fprintf$8) refers to printf8.o(i._printf_core) for _printf_core
    printf8.o(i.__0fprintf$8) refers to usart.o(.text) for fputc
    printf8.o(i.__0printf$8) refers to printf8.o(i._printf_core) for _printf_core
    printf8.o(i.__0printf$8) refers to usart.o(.text) for fputc
    printf8.o(i.__0printf$8) refers to stdout.o(.data) for __stdout
    printf8.o(i.__0snprintf$8) refers to printf8.o(i._printf_core) for _printf_core
    printf8.o(i.__0snprintf$8) refers to printf8.o(i._snputc) for _snputc
    printf8.o(i.__0sprintf$8) refers to printf8.o(i._printf_core) for _printf_core
    printf8.o(i.__0sprintf$8) refers to printf8.o(i._sputc) for _sputc
    printf8.o(i.__0vfprintf$8) refers to printf8.o(i._printf_core) for _printf_core
    printf8.o(i.__0vfprintf$8) refers to usart.o(.text) for fputc
    printf8.o(i.__0vprintf$8) refers to printf8.o(i._printf_core) for _printf_core
    printf8.o(i.__0vprintf$8) refers to usart.o(.text) for fputc
    printf8.o(i.__0vprintf$8) refers to stdout.o(.data) for __stdout
    printf8.o(i.__0vsnprintf$8) refers to printf8.o(i._printf_core) for _printf_core
    printf8.o(i.__0vsnprintf$8) refers to printf8.o(i._snputc) for _snputc
    printf8.o(i.__0vsprintf$8) refers to printf8.o(i._printf_core) for _printf_core
    printf8.o(i.__0vsprintf$8) refers to printf8.o(i._sputc) for _sputc
    printf8.o(i._printf_core) refers to printf8.o(i._printf_pre_padding) for _printf_pre_padding
    printf8.o(i._printf_core) refers to uldiv.o(.text) for __aeabi_uldivmod
    printf8.o(i._printf_core) refers to printf8.o(i._printf_post_padding) for _printf_post_padding
    printfa.o(i.__0fprintf) refers (Special) to iusefp.o(.text) for __I$use$fp
    printfa.o(i.__0fprintf) refers to printfa.o(i._printf_core) for _printf_core
    printfa.o(i.__0fprintf) refers to usart.o(.text) for fputc
    printfa.o(i.__0printf) refers (Special) to iusefp.o(.text) for __I$use$fp
    printfa.o(i.__0printf) refers to printfa.o(i._printf_core) for _printf_core
    printfa.o(i.__0printf) refers to usart.o(.text) for fputc
    printfa.o(i.__0printf) refers to stdout.o(.data) for __stdout
    printfa.o(i.__0snprintf) refers (Special) to iusefp.o(.text) for __I$use$fp
    printfa.o(i.__0snprintf) refers to printfa.o(i._printf_core) for _printf_core
    printfa.o(i.__0snprintf) refers to printfa.o(i._snputc) for _snputc
    printfa.o(i.__0sprintf) refers (Special) to iusefp.o(.text) for __I$use$fp
    printfa.o(i.__0sprintf) refers to printfa.o(i._printf_core) for _printf_core
    printfa.o(i.__0sprintf) refers to printfa.o(i._sputc) for _sputc
    printfa.o(i.__0vfprintf) refers (Special) to iusefp.o(.text) for __I$use$fp
    printfa.o(i.__0vfprintf) refers to printfa.o(i._printf_core) for _printf_core
    printfa.o(i.__0vfprintf) refers to usart.o(.text) for fputc
    printfa.o(i.__0vprintf) refers (Special) to iusefp.o(.text) for __I$use$fp
    printfa.o(i.__0vprintf) refers to printfa.o(i._printf_core) for _printf_core
    printfa.o(i.__0vprintf) refers to usart.o(.text) for fputc
    printfa.o(i.__0vprintf) refers to stdout.o(.data) for __stdout
    printfa.o(i.__0vsnprintf) refers (Special) to iusefp.o(.text) for __I$use$fp
    printfa.o(i.__0vsnprintf) refers to printfa.o(i._printf_core) for _printf_core
    printfa.o(i.__0vsnprintf) refers to printfa.o(i._snputc) for _snputc
    printfa.o(i.__0vsprintf) refers (Special) to iusefp.o(.text) for __I$use$fp
    printfa.o(i.__0vsprintf) refers to printfa.o(i._printf_core) for _printf_core
    printfa.o(i.__0vsprintf) refers to printfa.o(i._sputc) for _sputc
    printfa.o(i._fp_digits) refers (Special) to iusefp.o(.text) for __I$use$fp
    printfa.o(i._fp_digits) refers to dmul.o(.text) for __aeabi_dmul
    printfa.o(i._fp_digits) refers to ddiv.o(.text) for __aeabi_ddiv
    printfa.o(i._fp_digits) refers to cdrcmple.o(.text) for __aeabi_cdrcmple
    printfa.o(i._fp_digits) refers to dadd.o(.text) for __aeabi_dadd
    printfa.o(i._fp_digits) refers to dfixul.o(.text) for __aeabi_d2ulz
    printfa.o(i._fp_digits) refers to uldiv.o(.text) for __aeabi_uldivmod
    printfa.o(i._printf_core) refers (Special) to iusefp.o(.text) for __I$use$fp
    printfa.o(i._printf_core) refers to printfa.o(i._printf_pre_padding) for _printf_pre_padding
    printfa.o(i._printf_core) refers to uldiv.o(.text) for __aeabi_uldivmod
    printfa.o(i._printf_core) refers to printfa.o(i._printf_post_padding) for _printf_post_padding
    printfa.o(i._printf_core) refers to printfa.o(i._fp_digits) for _fp_digits
    printfa.o(i._printf_core) refers to uidiv.o(.text) for __aeabi_uidivmod
    printfa.o(i._printf_post_padding) refers (Special) to iusefp.o(.text) for __I$use$fp
    printfa.o(i._printf_pre_padding) refers (Special) to iusefp.o(.text) for __I$use$fp
    printfa.o(i._snputc) refers (Special) to iusefp.o(.text) for __I$use$fp
    printfa.o(i._sputc) refers (Special) to iusefp.o(.text) for __I$use$fp
    fadd.o(.text) refers (Special) to iusefp.o(.text) for __I$use$fp
    fadd.o(.text) refers to fepilogue.o(.text) for _float_epilogue
    fmul.o(.text) refers (Special) to iusefp.o(.text) for __I$use$fp
    fdiv.o(.text) refers (Special) to iusefp.o(.text) for __I$use$fp
    fdiv.o(.text) refers to fepilogue.o(.text) for _float_round
    dadd.o(.text) refers (Special) to iusefp.o(.text) for __I$use$fp
    dadd.o(.text) refers to llshl.o(.text) for __aeabi_llsl
    dadd.o(.text) refers to llsshr.o(.text) for __aeabi_lasr
    dadd.o(.text) refers to depilogue.o(.text) for _double_epilogue
    dmul.o(.text) refers (Special) to iusefp.o(.text) for __I$use$fp
    dmul.o(.text) refers to depilogue.o(.text) for _double_epilogue
    ddiv.o(.text) refers (Special) to iusefp.o(.text) for __I$use$fp
    ddiv.o(.text) refers to depilogue.o(.text) for _double_round
    ffltui.o(.text) refers (Special) to iusefp.o(.text) for __I$use$fp
    ffltui.o(.text) refers to fepilogue.o(.text) for _float_epilogue
    dfltui.o(.text) refers (Special) to iusefp.o(.text) for __I$use$fp
    dfltui.o(.text) refers to depilogue.o(.text) for _double_epilogue
    ffixui.o(.text) refers (Special) to iusefp.o(.text) for __I$use$fp
    dfixui.o(.text) refers (Special) to iusefp.o(.text) for __I$use$fp
    dfixui.o(.text) refers to llushr.o(.text) for __aeabi_llsr
    f2d.o(.text) refers (Special) to iusefp.o(.text) for __I$use$fp
    d2f.o(.text) refers (Special) to iusefp.o(.text) for __I$use$fp
    d2f.o(.text) refers to fepilogue.o(.text) for _float_round
    cfcmple.o(.text) refers (Special) to iusefp.o(.text) for __I$use$fp
    entry2.o(.ARM.Collect$$$$00000001) refers to entry2.o(.ARM.Collect$$$$00002712) for __lit__00000000
    entry2.o(.ARM.Collect$$$$00002712) refers to startup_stm32f10x_md.o(STACK) for __initial_sp
    entry2.o(__vectab_stack_and_reset_area) refers to startup_stm32f10x_md.o(STACK) for __initial_sp
    entry2.o(__vectab_stack_and_reset_area) refers to entry.o(.ARM.Collect$$$$00000000) for __main
    entry5.o(.ARM.Collect$$$$00000004) refers to init.o(.text) for __scatterload
    entry9a.o(.ARM.Collect$$$$0000000B) refers to main.o(.text) for main
    entry9b.o(.ARM.Collect$$$$0000000C) refers to main.o(.text) for main
    uldiv.o(.text) refers to llushr.o(.text) for __aeabi_llsr
    uldiv.o(.text) refers to llshl.o(.text) for __aeabi_llsl
    depilogue.o(.text) refers to llshl.o(.text) for __aeabi_llsl
    depilogue.o(.text) refers to llushr.o(.text) for __aeabi_llsr
    dfixul.o(.text) refers to llushr.o(.text) for __aeabi_llsr
    dfixul.o(.text) refers to llshl.o(.text) for __aeabi_llsl
    init.o(.text) refers to entry5.o(.ARM.Collect$$$$00000004) for __main_after_scatterload


==============================================================================

Removing Unused input sections from the image.

    Removing startup_stm32f10x_md.o(HEAP), (512 bytes).
    Removing core_cm3.o(.emb_text), (32 bytes).
    Removing stm32f10x_exti.o(.text), (284 bytes).
    Removing stm32f10x_iwdg.o(.text), (64 bytes).
    Removing stm32f10x_bkp.o(.text), (196 bytes).
    Removing stm32f10x_pwr.o(.text), (204 bytes).
    Removing stm32f10x_rtc.o(.text), (328 bytes).
    Removing stm32f10x_dma.o(.text), (596 bytes).
    Removing iwdg.o(.text), (44 bytes).
    Removing key.o(.text), (108 bytes).
    Removing sys.o(.text), (12 bytes).
    Removing rtc.o(.text), (256 bytes).
    Removing gizwits_product.o(.text), (396 bytes).
    Removing gizwits_product.o(.bss), (16 bytes).
    Removing gizwits_product.o(.data), (4 bytes).
    Removing gizwits_protocol.o(.text), (6612 bytes).
    Removing gizwits_protocol.o(.bss), (355 bytes).
    Removing gizwits_protocol.o(.data), (16 bytes).
    Removing common.o(.text), (920 bytes).
    Removing common.o(.constdata), (48 bytes).
    Removing datapointtools.o(.text), (844 bytes).
    Removing ringbuffer.o(.text), (462 bytes).
    Removing fmul.o(.text), (100 bytes).
    Removing ffixui.o(.text), (40 bytes).
    Removing cfcmple.o(.text), (20 bytes).

25 unused section(s) (total 12469 bytes) removed from the image.

==============================================================================

Image Symbol Table

    Local Symbols

    Symbol Name                              Value     Ov Type        Size  Object(Section)

    ../clib/microlib/ctype/toupper.c         0x00000000   Number         0  toupper.o ABSOLUTE
    ../clib/microlib/division.c              0x00000000   Number         0  uldiv.o ABSOLUTE
    ../clib/microlib/division.c              0x00000000   Number         0  uidiv.o ABSOLUTE
    ../clib/microlib/init/entry.s            0x00000000   Number         0  entry.o ABSOLUTE
    ../clib/microlib/init/entry.s            0x00000000   Number         0  entry7b.o ABSOLUTE
    ../clib/microlib/init/entry.s            0x00000000   Number         0  entry8a.o ABSOLUTE
    ../clib/microlib/init/entry.s            0x00000000   Number         0  entry11a.o ABSOLUTE
    ../clib/microlib/init/entry.s            0x00000000   Number         0  entry8b.o ABSOLUTE
    ../clib/microlib/init/entry.s            0x00000000   Number         0  entry9a.o ABSOLUTE
    ../clib/microlib/init/entry.s            0x00000000   Number         0  entry11b.o ABSOLUTE
    ../clib/microlib/init/entry.s            0x00000000   Number         0  entry12b.o ABSOLUTE
    ../clib/microlib/init/entry.s            0x00000000   Number         0  entry12a.o ABSOLUTE
    ../clib/microlib/init/entry.s            0x00000000   Number         0  entry9b.o ABSOLUTE
    ../clib/microlib/init/entry.s            0x00000000   Number         0  entry10a.o ABSOLUTE
    ../clib/microlib/init/entry.s            0x00000000   Number         0  entry10b.o ABSOLUTE
    ../clib/microlib/init/entry.s            0x00000000   Number         0  entry7a.o ABSOLUTE
    ../clib/microlib/init/entry.s            0x00000000   Number         0  entry5.o ABSOLUTE
    ../clib/microlib/init/entry.s            0x00000000   Number         0  entry2.o ABSOLUTE
    ../clib/microlib/longlong.c              0x00000000   Number         0  llshl.o ABSOLUTE
    ../clib/microlib/longlong.c              0x00000000   Number         0  llushr.o ABSOLUTE
    ../clib/microlib/longlong.c              0x00000000   Number         0  llsshr.o ABSOLUTE
    ../clib/microlib/printf/printf.c         0x00000000   Number         0  printfb.o ABSOLUTE
    ../clib/microlib/printf/printf.c         0x00000000   Number         0  printf0.o ABSOLUTE
    ../clib/microlib/printf/printf.c         0x00000000   Number         0  printf1.o ABSOLUTE
    ../clib/microlib/printf/printf.c         0x00000000   Number         0  printf2.o ABSOLUTE
    ../clib/microlib/printf/printf.c         0x00000000   Number         0  printf3.o ABSOLUTE
    ../clib/microlib/printf/printf.c         0x00000000   Number         0  printf4.o ABSOLUTE
    ../clib/microlib/printf/printf.c         0x00000000   Number         0  printfa.o ABSOLUTE
    ../clib/microlib/printf/printf.c         0x00000000   Number         0  printf8.o ABSOLUTE
    ../clib/microlib/printf/printf.c         0x00000000   Number         0  printf7.o ABSOLUTE
    ../clib/microlib/printf/printf.c         0x00000000   Number         0  printf6.o ABSOLUTE
    ../clib/microlib/printf/printf.c         0x00000000   Number         0  printf5.o ABSOLUTE
    ../clib/microlib/printf/stubs.s          0x00000000   Number         0  stubs.o ABSOLUTE
    ../clib/microlib/stdio/streams.c         0x00000000   Number         0  stdout.o ABSOLUTE
    ../clib/microlib/string/memcpy.c         0x00000000   Number         0  memcpya.o ABSOLUTE
    ../clib/microlib/string/memcpy.c         0x00000000   Number         0  memcpyb.o ABSOLUTE
    ../clib/microlib/string/memset.c         0x00000000   Number         0  memseta.o ABSOLUTE
    ../clib/microlib/string/strlen.c         0x00000000   Number         0  strlen.o ABSOLUTE
    ../clib/microlib/stubs.s                 0x00000000   Number         0  iusefp.o ABSOLUTE
    ../fplib/microlib/d2f.c                  0x00000000   Number         0  d2f.o ABSOLUTE
    ../fplib/microlib/f2d.c                  0x00000000   Number         0  f2d.o ABSOLUTE
    ../fplib/microlib/fpadd.c                0x00000000   Number         0  dadd.o ABSOLUTE
    ../fplib/microlib/fpadd.c                0x00000000   Number         0  fadd.o ABSOLUTE
    ../fplib/microlib/fpdiv.c                0x00000000   Number         0  ddiv.o ABSOLUTE
    ../fplib/microlib/fpdiv.c                0x00000000   Number         0  fdiv.o ABSOLUTE
    ../fplib/microlib/fpepilogue.c           0x00000000   Number         0  fepilogue.o ABSOLUTE
    ../fplib/microlib/fpepilogue.c           0x00000000   Number         0  depilogue.o ABSOLUTE
    ../fplib/microlib/fpfix.c                0x00000000   Number         0  dfixui.o ABSOLUTE
    ../fplib/microlib/fpfix.c                0x00000000   Number         0  dfixul.o ABSOLUTE
    ../fplib/microlib/fpfix.c                0x00000000   Number         0  ffixui.o ABSOLUTE
    ../fplib/microlib/fpflt.c                0x00000000   Number         0  dfltui.o ABSOLUTE
    ../fplib/microlib/fpflt.c                0x00000000   Number         0  ffltui.o ABSOLUTE
    ../fplib/microlib/fpmul.c                0x00000000   Number         0  dmul.o ABSOLUTE
    ../fplib/microlib/fpmul.c                0x00000000   Number         0  fmul.o ABSOLUTE
    ..\CMSIS\core_cm3.c                      0x00000000   Number         0  core_cm3.o ABSOLUTE
    ..\CMSIS\system_stm32f10x.c              0x00000000   Number         0  system_stm32f10x.o ABSOLUTE
    ..\Gizwits\gizwits_product.c             0x00000000   Number         0  gizwits_product.o ABSOLUTE
    ..\Gizwits\gizwits_protocol.c            0x00000000   Number         0  gizwits_protocol.o ABSOLUTE
    ..\Lib\src\misc.c                        0x00000000   Number         0  misc.o ABSOLUTE
    ..\Lib\src\stm32f10x_adc.c               0x00000000   Number         0  stm32f10x_adc.o ABSOLUTE
    ..\Lib\src\stm32f10x_bkp.c               0x00000000   Number         0  stm32f10x_bkp.o ABSOLUTE
    ..\Lib\src\stm32f10x_dma.c               0x00000000   Number         0  stm32f10x_dma.o ABSOLUTE
    ..\Lib\src\stm32f10x_exti.c              0x00000000   Number         0  stm32f10x_exti.o ABSOLUTE
    ..\Lib\src\stm32f10x_gpio.c              0x00000000   Number         0  stm32f10x_gpio.o ABSOLUTE
    ..\Lib\src\stm32f10x_iwdg.c              0x00000000   Number         0  stm32f10x_iwdg.o ABSOLUTE
    ..\Lib\src\stm32f10x_pwr.c               0x00000000   Number         0  stm32f10x_pwr.o ABSOLUTE
    ..\Lib\src\stm32f10x_rcc.c               0x00000000   Number         0  stm32f10x_rcc.o ABSOLUTE
    ..\Lib\src\stm32f10x_rtc.c               0x00000000   Number         0  stm32f10x_rtc.o ABSOLUTE
    ..\Lib\src\stm32f10x_tim.c               0x00000000   Number         0  stm32f10x_tim.o ABSOLUTE
    ..\Lib\src\stm32f10x_usart.c             0x00000000   Number         0  stm32f10x_usart.o ABSOLUTE
    ..\Startup\startup_stm32f10x_md.s        0x00000000   Number         0  startup_stm32f10x_md.o ABSOLUTE
    ..\User\main.c                           0x00000000   Number         0  main.o ABSOLUTE
    ..\User\stm32f10x_it.c                   0x00000000   Number         0  stm32f10x_it.o ABSOLUTE
    ..\Utils\common.c                        0x00000000   Number         0  common.o ABSOLUTE
    ..\Utils\dataPointTools.c                0x00000000   Number         0  datapointtools.o ABSOLUTE
    ..\Utils\ringbuffer.c                    0x00000000   Number         0  ringbuffer.o ABSOLUTE
    ..\\CMSIS\\core_cm3.c                    0x00000000   Number         0  core_cm3.o ABSOLUTE
    ..\hardware\ADC\adc.c                    0x00000000   Number         0  adc.o ABSOLUTE
    ..\hardware\KEY\key.c                    0x00000000   Number         0  key.o ABSOLUTE
    ..\hardware\LED\led.c                    0x00000000   Number         0  led.o ABSOLUTE
    ..\hardware\LSENS\lsens.c                0x00000000   Number         0  lsens.o ABSOLUTE
    ..\hardware\RTC\rtc.c                    0x00000000   Number         0  rtc.o ABSOLUTE
    ..\hardware\SGP30\sgp30.c                0x00000000   Number         0  sgp30.o ABSOLUTE
    ..\hardware\TIMER2\TIM2.c                0x00000000   Number         0  tim2.o ABSOLUTE
    ..\hardware\TIMER\timer.c                0x00000000   Number         0  timer.o ABSOLUTE
    ..\hardware\dht11\DHT11.c                0x00000000   Number         0  dht11.o ABSOLUTE
    ..\hardware\iwdg\iwdg.c                  0x00000000   Number         0  iwdg.o ABSOLUTE
    ..\hardware\sys\sys.c                    0x00000000   Number         0  sys.o ABSOLUTE
    ..\hardware\usart\delay.c                0x00000000   Number         0  delay.o ABSOLUTE
    ..\hardware\usart\usart.c                0x00000000   Number         0  usart.o ABSOLUTE
    ..\hardware\usart\usart2.c               0x00000000   Number         0  usart2.o ABSOLUTE
    ..\hardware\usart\usart3.c               0x00000000   Number         0  usart3.o ABSOLUTE
    cdrcmple.s                               0x00000000   Number         0  cdrcmple.o ABSOLUTE
    cfcmple.s                                0x00000000   Number         0  cfcmple.o ABSOLUTE
    dc.s                                     0x00000000   Number         0  dc.o ABSOLUTE
    handlers.s                               0x00000000   Number         0  handlers.o ABSOLUTE
    init.s                                   0x00000000   Number         0  init.o ABSOLUTE
    RESET                                    0x08000000   Section      236  startup_stm32f10x_md.o(RESET)
    .ARM.Collect$$$$00000000                 0x080000ec   Section        0  entry.o(.ARM.Collect$$$$00000000)
    .ARM.Collect$$$$00000001                 0x080000ec   Section        4  entry2.o(.ARM.Collect$$$$00000001)
    .ARM.Collect$$$$00000004                 0x080000f0   Section        4  entry5.o(.ARM.Collect$$$$00000004)
    .ARM.Collect$$$$00000008                 0x080000f4   Section        0  entry7b.o(.ARM.Collect$$$$00000008)
    .ARM.Collect$$$$0000000A                 0x080000f4   Section        0  entry8b.o(.ARM.Collect$$$$0000000A)
    .ARM.Collect$$$$0000000B                 0x080000f4   Section        8  entry9a.o(.ARM.Collect$$$$0000000B)
    .ARM.Collect$$$$0000000E                 0x080000fc   Section        4  entry12b.o(.ARM.Collect$$$$0000000E)
    .ARM.Collect$$$$0000000F                 0x08000100   Section        0  entry10a.o(.ARM.Collect$$$$0000000F)
    .ARM.Collect$$$$00000011                 0x08000100   Section        0  entry11a.o(.ARM.Collect$$$$00000011)
    .ARM.Collect$$$$00002712                 0x08000100   Section        4  entry2.o(.ARM.Collect$$$$00002712)
    __lit__00000000                          0x08000100   Data           4  entry2.o(.ARM.Collect$$$$00002712)
    .text                                    0x08000104   Section       36  startup_stm32f10x_md.o(.text)
    .text                                    0x08000128   Section        0  system_stm32f10x.o(.text)
    SetSysClockTo72                          0x08000129   Thumb Code   214  system_stm32f10x.o(.text)
    SetSysClock                              0x080001ff   Thumb Code     8  system_stm32f10x.o(.text)
    .text                                    0x08000308   Section        0  misc.o(.text)
    .text                                    0x080003e4   Section        0  stm32f10x_gpio.o(.text)
    .text                                    0x08000740   Section        0  stm32f10x_rcc.o(.text)
    .text                                    0x08000ae4   Section        0  stm32f10x_tim.o(.text)
    TI4_Config                               0x08000f8b   Thumb Code   130  stm32f10x_tim.o(.text)
    TI3_Config                               0x0800101f   Thumb Code   122  stm32f10x_tim.o(.text)
    TI2_Config                               0x080010b3   Thumb Code   130  stm32f10x_tim.o(.text)
    TI1_Config                               0x08001147   Thumb Code   108  stm32f10x_tim.o(.text)
    .text                                    0x08001900   Section        0  stm32f10x_usart.o(.text)
    .text                                    0x08001d08   Section        0  stm32f10x_adc.o(.text)
    .text                                    0x08002158   Section        0  delay.o(.text)
    .text                                    0x0800224c   Section        0  usart.o(.text)
    .text                                    0x080024d0   Section        0  usart3.o(.text)
    .text                                    0x08002590   Section        0  led.o(.text)
    .text                                    0x08002600   Section        0  timer.o(.text)
    .text                                    0x0800274c   Section        0  usart2.o(.text)
    .text                                    0x08002810   Section        0  adc.o(.text)
    .text                                    0x080028bc   Section        0  lsens.o(.text)
    .text                                    0x080029c4   Section        0  dht11.o(.text)
    .text                                    0x08002b70   Section        0  sgp30.o(.text)
    .text                                    0x08002e3c   Section        0  tim2.o(.text)
    .text                                    0x08002ef4   Section        0  main.o(.text)
    .text                                    0x08003144   Section        0  stm32f10x_it.o(.text)
    .text                                    0x0800315e   Section        0  fadd.o(.text)
    .text                                    0x0800320e   Section        0  fdiv.o(.text)
    .text                                    0x0800328a   Section        0  dadd.o(.text)
    .text                                    0x080033d8   Section        0  dmul.o(.text)
    .text                                    0x080034bc   Section        0  ddiv.o(.text)
    .text                                    0x0800359a   Section        0  ffltui.o(.text)
    .text                                    0x080035a4   Section        0  dfltui.o(.text)
    .text                                    0x080035be   Section        0  dfixui.o(.text)
    .text                                    0x080035f0   Section        0  f2d.o(.text)
    .text                                    0x08003616   Section        0  d2f.o(.text)
    .text                                    0x0800364e   Section        0  uidiv.o(.text)
    .text                                    0x0800367a   Section        0  uldiv.o(.text)
    .text                                    0x080036dc   Section        0  llshl.o(.text)
    .text                                    0x080036fa   Section        0  llushr.o(.text)
    .text                                    0x0800371a   Section        0  llsshr.o(.text)
    .text                                    0x0800373e   Section        0  iusefp.o(.text)
    .text                                    0x0800373e   Section        0  fepilogue.o(.text)
    .text                                    0x080037ac   Section        0  depilogue.o(.text)
    .text                                    0x08003866   Section        0  dfixul.o(.text)
    .text                                    0x08003898   Section       48  cdrcmple.o(.text)
    .text                                    0x080038c8   Section       36  init.o(.text)
    i.__0printf                              0x080038ec   Section        0  printfa.o(i.__0printf)
    i.__scatterload_copy                     0x0800390c   Section       14  handlers.o(i.__scatterload_copy)
    i.__scatterload_null                     0x0800391a   Section        2  handlers.o(i.__scatterload_null)
    i.__scatterload_zeroinit                 0x0800391c   Section       14  handlers.o(i.__scatterload_zeroinit)
    i._fp_digits                             0x0800392c   Section        0  printfa.o(i._fp_digits)
    _fp_digits                               0x0800392d   Thumb Code   366  printfa.o(i._fp_digits)
    i._printf_core                           0x08003ab0   Section        0  printfa.o(i._printf_core)
    _printf_core                             0x08003ab1   Thumb Code  1704  printfa.o(i._printf_core)
    i._printf_post_padding                   0x08004164   Section        0  printfa.o(i._printf_post_padding)
    _printf_post_padding                     0x08004165   Thumb Code    36  printfa.o(i._printf_post_padding)
    i._printf_pre_padding                    0x08004188   Section        0  printfa.o(i._printf_pre_padding)
    _printf_pre_padding                      0x08004189   Thumb Code    46  printfa.o(i._printf_pre_padding)
    .data                                    0x20000000   Section       20  system_stm32f10x.o(.data)
    .data                                    0x20000014   Section       20  stm32f10x_rcc.o(.data)
    APBAHBPrescTable                         0x20000014   Data          16  stm32f10x_rcc.o(.data)
    ADCPrescTable                            0x20000024   Data           4  stm32f10x_rcc.o(.data)
    .data                                    0x20000028   Section        4  delay.o(.data)
    .data                                    0x2000002c   Section        9  usart.o(.data)
    res_state                                0x20000034   Data           1  usart.o(.data)
    .data                                    0x20000038   Section       20  main.o(.data)
    .data                                    0x2000004c   Section        4  stdout.o(.data)
    STACK                                    0x20000050   Section     1024  startup_stm32f10x_md.o(STACK)

    Global Symbols

    Symbol Name                              Value     Ov Type        Size  Object(Section)

    BuildAttributes$$THM_ISAv4$P$D$K$B$S$PE$A:L22UL41UL21$X:L11$S22US41US21$IEEE1$IW$USESV6$~STKCKD$USESV7$~SHL$OTIME$ROPI$EBA8$MICROLIB$REQ8$PRES8$EABIv2 0x00000000   Number         0  anon$$obj.o ABSOLUTE
    __ARM_use_no_argv                        0x00000000   Number         0  main.o ABSOLUTE
    _printf_a                                0x00000000   Number         0  stubs.o ABSOLUTE
    _printf_c                                0x00000000   Number         0  stubs.o ABSOLUTE
    _printf_charcount                        0x00000000   Number         0  stubs.o ABSOLUTE
    _printf_d                                0x00000000   Number         0  stubs.o ABSOLUTE
    _printf_e                                0x00000000   Number         0  stubs.o ABSOLUTE
    _printf_f                                0x00000000   Number         0  stubs.o ABSOLUTE
    _printf_flags                            0x00000000   Number         0  stubs.o ABSOLUTE
    _printf_fp_dec                           0x00000000   Number         0  stubs.o ABSOLUTE
    _printf_fp_hex                           0x00000000   Number         0  stubs.o ABSOLUTE
    _printf_g                                0x00000000   Number         0  stubs.o ABSOLUTE
    _printf_i                                0x00000000   Number         0  stubs.o ABSOLUTE
    _printf_int_dec                          0x00000000   Number         0  stubs.o ABSOLUTE
    _printf_l                                0x00000000   Number         0  stubs.o ABSOLUTE
    _printf_lc                               0x00000000   Number         0  stubs.o ABSOLUTE
    _printf_ll                               0x00000000   Number         0  stubs.o ABSOLUTE
    _printf_lld                              0x00000000   Number         0  stubs.o ABSOLUTE
    _printf_lli                              0x00000000   Number         0  stubs.o ABSOLUTE
    _printf_llo                              0x00000000   Number         0  stubs.o ABSOLUTE
    _printf_llu                              0x00000000   Number         0  stubs.o ABSOLUTE
    _printf_llx                              0x00000000   Number         0  stubs.o ABSOLUTE
    _printf_longlong_dec                     0x00000000   Number         0  stubs.o ABSOLUTE
    _printf_longlong_hex                     0x00000000   Number         0  stubs.o ABSOLUTE
    _printf_longlong_oct                     0x00000000   Number         0  stubs.o ABSOLUTE
    _printf_ls                               0x00000000   Number         0  stubs.o ABSOLUTE
    _printf_mbtowc                           0x00000000   Number         0  stubs.o ABSOLUTE
    _printf_n                                0x00000000   Number         0  stubs.o ABSOLUTE
    _printf_o                                0x00000000   Number         0  stubs.o ABSOLUTE
    _printf_p                                0x00000000   Number         0  stubs.o ABSOLUTE
    _printf_percent                          0x00000000   Number         0  stubs.o ABSOLUTE
    _printf_pre_padding                      0x00000000   Number         0  stubs.o ABSOLUTE
    _printf_return_value                     0x00000000   Number         0  stubs.o ABSOLUTE
    _printf_s                                0x00000000   Number         0  stubs.o ABSOLUTE
    _printf_sizespec                         0x00000000   Number         0  stubs.o ABSOLUTE
    _printf_str                              0x00000000   Number         0  stubs.o ABSOLUTE
    _printf_truncate_signed                  0x00000000   Number         0  stubs.o ABSOLUTE
    _printf_truncate_unsigned                0x00000000   Number         0  stubs.o ABSOLUTE
    _printf_u                                0x00000000   Number         0  stubs.o ABSOLUTE
    _printf_wc                               0x00000000   Number         0  stubs.o ABSOLUTE
    _printf_wctomb                           0x00000000   Number         0  stubs.o ABSOLUTE
    _printf_widthprec                        0x00000000   Number         0  stubs.o ABSOLUTE
    _printf_x                                0x00000000   Number         0  stubs.o ABSOLUTE
    __arm_fini_                               - Undefined Weak Reference
    __cpp_initialize__aeabi_                  - Undefined Weak Reference
    __cxa_finalize                            - Undefined Weak Reference
    __decompress                              - Undefined Weak Reference
    _clock_init                               - Undefined Weak Reference
    _microlib_exit                            - Undefined Weak Reference
    __Vectors_Size                           0x000000ec   Number         0  startup_stm32f10x_md.o ABSOLUTE
    __Vectors                                0x08000000   Data           4  startup_stm32f10x_md.o(RESET)
    __Vectors_End                            0x080000ec   Data           0  startup_stm32f10x_md.o(RESET)
    __main                                   0x080000ed   Thumb Code     0  entry.o(.ARM.Collect$$$$00000000)
    _main_stk                                0x080000ed   Thumb Code     0  entry2.o(.ARM.Collect$$$$00000001)
    _main_scatterload                        0x080000f1   Thumb Code     0  entry5.o(.ARM.Collect$$$$00000004)
    __main_after_scatterload                 0x080000f5   Thumb Code     0  entry5.o(.ARM.Collect$$$$00000004)
    _main_clock                              0x080000f5   Thumb Code     0  entry7b.o(.ARM.Collect$$$$00000008)
    _main_cpp_init                           0x080000f5   Thumb Code     0  entry8b.o(.ARM.Collect$$$$0000000A)
    _main_init                               0x080000f5   Thumb Code     0  entry9a.o(.ARM.Collect$$$$0000000B)
    __rt_lib_shutdown_fini                   0x080000fd   Thumb Code     0  entry12b.o(.ARM.Collect$$$$0000000E)
    __rt_final_cpp                           0x08000101   Thumb Code     0  entry10a.o(.ARM.Collect$$$$0000000F)
    __rt_final_exit                          0x08000101   Thumb Code     0  entry11a.o(.ARM.Collect$$$$00000011)
    Reset_Handler                            0x08000105   Thumb Code     8  startup_stm32f10x_md.o(.text)
    ADC1_2_IRQHandler                        0x0800011f   Thumb Code     0  startup_stm32f10x_md.o(.text)
    CAN1_RX1_IRQHandler                      0x0800011f   Thumb Code     0  startup_stm32f10x_md.o(.text)
    CAN1_SCE_IRQHandler                      0x0800011f   Thumb Code     0  startup_stm32f10x_md.o(.text)
    DMA1_Channel1_IRQHandler                 0x0800011f   Thumb Code     0  startup_stm32f10x_md.o(.text)
    DMA1_Channel2_IRQHandler                 0x0800011f   Thumb Code     0  startup_stm32f10x_md.o(.text)
    DMA1_Channel3_IRQHandler                 0x0800011f   Thumb Code     0  startup_stm32f10x_md.o(.text)
    DMA1_Channel4_IRQHandler                 0x0800011f   Thumb Code     0  startup_stm32f10x_md.o(.text)
    DMA1_Channel5_IRQHandler                 0x0800011f   Thumb Code     0  startup_stm32f10x_md.o(.text)
    DMA1_Channel6_IRQHandler                 0x0800011f   Thumb Code     0  startup_stm32f10x_md.o(.text)
    DMA1_Channel7_IRQHandler                 0x0800011f   Thumb Code     0  startup_stm32f10x_md.o(.text)
    EXTI0_IRQHandler                         0x0800011f   Thumb Code     0  startup_stm32f10x_md.o(.text)
    EXTI15_10_IRQHandler                     0x0800011f   Thumb Code     0  startup_stm32f10x_md.o(.text)
    EXTI1_IRQHandler                         0x0800011f   Thumb Code     0  startup_stm32f10x_md.o(.text)
    EXTI2_IRQHandler                         0x0800011f   Thumb Code     0  startup_stm32f10x_md.o(.text)
    EXTI3_IRQHandler                         0x0800011f   Thumb Code     0  startup_stm32f10x_md.o(.text)
    EXTI4_IRQHandler                         0x0800011f   Thumb Code     0  startup_stm32f10x_md.o(.text)
    EXTI9_5_IRQHandler                       0x0800011f   Thumb Code     0  startup_stm32f10x_md.o(.text)
    FLASH_IRQHandler                         0x0800011f   Thumb Code     0  startup_stm32f10x_md.o(.text)
    I2C1_ER_IRQHandler                       0x0800011f   Thumb Code     0  startup_stm32f10x_md.o(.text)
    I2C1_EV_IRQHandler                       0x0800011f   Thumb Code     0  startup_stm32f10x_md.o(.text)
    I2C2_ER_IRQHandler                       0x0800011f   Thumb Code     0  startup_stm32f10x_md.o(.text)
    I2C2_EV_IRQHandler                       0x0800011f   Thumb Code     0  startup_stm32f10x_md.o(.text)
    PVD_IRQHandler                           0x0800011f   Thumb Code     0  startup_stm32f10x_md.o(.text)
    RCC_IRQHandler                           0x0800011f   Thumb Code     0  startup_stm32f10x_md.o(.text)
    RTCAlarm_IRQHandler                      0x0800011f   Thumb Code     0  startup_stm32f10x_md.o(.text)
    RTC_IRQHandler                           0x0800011f   Thumb Code     0  startup_stm32f10x_md.o(.text)
    SPI1_IRQHandler                          0x0800011f   Thumb Code     0  startup_stm32f10x_md.o(.text)
    SPI2_IRQHandler                          0x0800011f   Thumb Code     0  startup_stm32f10x_md.o(.text)
    TAMPER_IRQHandler                        0x0800011f   Thumb Code     0  startup_stm32f10x_md.o(.text)
    TIM1_BRK_IRQHandler                      0x0800011f   Thumb Code     0  startup_stm32f10x_md.o(.text)
    TIM1_CC_IRQHandler                       0x0800011f   Thumb Code     0  startup_stm32f10x_md.o(.text)
    TIM1_TRG_COM_IRQHandler                  0x0800011f   Thumb Code     0  startup_stm32f10x_md.o(.text)
    TIM2_IRQHandler                          0x0800011f   Thumb Code     0  startup_stm32f10x_md.o(.text)
    TIM3_IRQHandler                          0x0800011f   Thumb Code     0  startup_stm32f10x_md.o(.text)
    USBWakeUp_IRQHandler                     0x0800011f   Thumb Code     0  startup_stm32f10x_md.o(.text)
    USB_HP_CAN1_TX_IRQHandler                0x0800011f   Thumb Code     0  startup_stm32f10x_md.o(.text)
    USB_LP_CAN1_RX0_IRQHandler               0x0800011f   Thumb Code     0  startup_stm32f10x_md.o(.text)
    WWDG_IRQHandler                          0x0800011f   Thumb Code     0  startup_stm32f10x_md.o(.text)
    SystemInit                               0x08000207   Thumb Code    78  system_stm32f10x.o(.text)
    SystemCoreClockUpdate                    0x08000255   Thumb Code   142  system_stm32f10x.o(.text)
    NVIC_PriorityGroupConfig                 0x08000309   Thumb Code    10  misc.o(.text)
    NVIC_Init                                0x08000313   Thumb Code   100  misc.o(.text)
    NVIC_SetVectorTable                      0x08000377   Thumb Code    14  misc.o(.text)
    NVIC_SystemLPConfig                      0x08000385   Thumb Code    34  misc.o(.text)
    SysTick_CLKSourceConfig                  0x080003a7   Thumb Code    40  misc.o(.text)
    GPIO_DeInit                              0x080003e5   Thumb Code   172  stm32f10x_gpio.o(.text)
    GPIO_AFIODeInit                          0x08000491   Thumb Code    20  stm32f10x_gpio.o(.text)
    GPIO_Init                                0x080004a5   Thumb Code   278  stm32f10x_gpio.o(.text)
    GPIO_StructInit                          0x080005bb   Thumb Code    16  stm32f10x_gpio.o(.text)
    GPIO_ReadInputDataBit                    0x080005cb   Thumb Code    18  stm32f10x_gpio.o(.text)
    GPIO_ReadInputData                       0x080005dd   Thumb Code     8  stm32f10x_gpio.o(.text)
    GPIO_ReadOutputDataBit                   0x080005e5   Thumb Code    18  stm32f10x_gpio.o(.text)
    GPIO_ReadOutputData                      0x080005f7   Thumb Code     8  stm32f10x_gpio.o(.text)
    GPIO_SetBits                             0x080005ff   Thumb Code     4  stm32f10x_gpio.o(.text)
    GPIO_ResetBits                           0x08000603   Thumb Code     4  stm32f10x_gpio.o(.text)
    GPIO_WriteBit                            0x08000607   Thumb Code    10  stm32f10x_gpio.o(.text)
    GPIO_Write                               0x08000611   Thumb Code     4  stm32f10x_gpio.o(.text)
    GPIO_PinLockConfig                       0x08000615   Thumb Code    18  stm32f10x_gpio.o(.text)
    GPIO_EventOutputConfig                   0x08000627   Thumb Code    26  stm32f10x_gpio.o(.text)
    GPIO_EventOutputCmd                      0x08000641   Thumb Code     6  stm32f10x_gpio.o(.text)
    GPIO_PinRemapConfig                      0x08000647   Thumb Code   138  stm32f10x_gpio.o(.text)
    GPIO_EXTILineConfig                      0x080006d1   Thumb Code    66  stm32f10x_gpio.o(.text)
    GPIO_ETH_MediaInterfaceConfig            0x08000713   Thumb Code     8  stm32f10x_gpio.o(.text)
    RCC_DeInit                               0x08000741   Thumb Code    64  stm32f10x_rcc.o(.text)
    RCC_HSEConfig                            0x08000781   Thumb Code    70  stm32f10x_rcc.o(.text)
    RCC_GetFlagStatus                        0x080007c7   Thumb Code    56  stm32f10x_rcc.o(.text)
    RCC_WaitForHSEStartUp                    0x080007ff   Thumb Code    56  stm32f10x_rcc.o(.text)
    RCC_AdjustHSICalibrationValue            0x08000837   Thumb Code    20  stm32f10x_rcc.o(.text)
    RCC_HSICmd                               0x0800084b   Thumb Code     6  stm32f10x_rcc.o(.text)
    RCC_PLLConfig                            0x08000851   Thumb Code    24  stm32f10x_rcc.o(.text)
    RCC_PLLCmd                               0x08000869   Thumb Code     6  stm32f10x_rcc.o(.text)
    RCC_SYSCLKConfig                         0x0800086f   Thumb Code    18  stm32f10x_rcc.o(.text)
    RCC_GetSYSCLKSource                      0x08000881   Thumb Code    10  stm32f10x_rcc.o(.text)
    RCC_HCLKConfig                           0x0800088b   Thumb Code    18  stm32f10x_rcc.o(.text)
    RCC_PCLK1Config                          0x0800089d   Thumb Code    18  stm32f10x_rcc.o(.text)
    RCC_PCLK2Config                          0x080008af   Thumb Code    20  stm32f10x_rcc.o(.text)
    RCC_ITConfig                             0x080008c3   Thumb Code    26  stm32f10x_rcc.o(.text)
    RCC_USBCLKConfig                         0x080008dd   Thumb Code     8  stm32f10x_rcc.o(.text)
    RCC_ADCCLKConfig                         0x080008e5   Thumb Code    18  stm32f10x_rcc.o(.text)
    RCC_LSEConfig                            0x080008f7   Thumb Code    50  stm32f10x_rcc.o(.text)
    RCC_LSICmd                               0x08000929   Thumb Code     6  stm32f10x_rcc.o(.text)
    RCC_RTCCLKConfig                         0x0800092f   Thumb Code    12  stm32f10x_rcc.o(.text)
    RCC_RTCCLKCmd                            0x0800093b   Thumb Code     8  stm32f10x_rcc.o(.text)
    RCC_GetClocksFreq                        0x08000943   Thumb Code   192  stm32f10x_rcc.o(.text)
    RCC_AHBPeriphClockCmd                    0x08000a03   Thumb Code    26  stm32f10x_rcc.o(.text)
    RCC_APB2PeriphClockCmd                   0x08000a1d   Thumb Code    26  stm32f10x_rcc.o(.text)
    RCC_APB1PeriphClockCmd                   0x08000a37   Thumb Code    26  stm32f10x_rcc.o(.text)
    RCC_APB2PeriphResetCmd                   0x08000a51   Thumb Code    26  stm32f10x_rcc.o(.text)
    RCC_APB1PeriphResetCmd                   0x08000a6b   Thumb Code    26  stm32f10x_rcc.o(.text)
    RCC_BackupResetCmd                       0x08000a85   Thumb Code     8  stm32f10x_rcc.o(.text)
    RCC_ClockSecuritySystemCmd               0x08000a8d   Thumb Code     6  stm32f10x_rcc.o(.text)
    RCC_MCOConfig                            0x08000a93   Thumb Code     6  stm32f10x_rcc.o(.text)
    RCC_ClearFlag                            0x08000a99   Thumb Code    14  stm32f10x_rcc.o(.text)
    RCC_GetITStatus                          0x08000aa7   Thumb Code    20  stm32f10x_rcc.o(.text)
    RCC_ClearITPendingBit                    0x08000abb   Thumb Code     6  stm32f10x_rcc.o(.text)
    TIM_DeInit                               0x08000ae5   Thumb Code   424  stm32f10x_tim.o(.text)
    TIM_TimeBaseInit                         0x08000c8d   Thumb Code   122  stm32f10x_tim.o(.text)
    TIM_OC1Init                              0x08000d07   Thumb Code   132  stm32f10x_tim.o(.text)
    TIM_OC2Init                              0x08000d8b   Thumb Code   154  stm32f10x_tim.o(.text)
    TIM_OC3Init                              0x08000e25   Thumb Code   150  stm32f10x_tim.o(.text)
    TIM_OC4Init                              0x08000ebb   Thumb Code   182  stm32f10x_tim.o(.text)
    TIM_SetIC4Prescaler                      0x08000f71   Thumb Code    26  stm32f10x_tim.o(.text)
    TIM_SetIC3Prescaler                      0x0800100d   Thumb Code    18  stm32f10x_tim.o(.text)
    TIM_SetIC2Prescaler                      0x08001099   Thumb Code    26  stm32f10x_tim.o(.text)
    TIM_SetIC1Prescaler                      0x08001135   Thumb Code    18  stm32f10x_tim.o(.text)
    TIM_ICInit                               0x080011b3   Thumb Code   150  stm32f10x_tim.o(.text)
    TIM_PWMIConfig                           0x08001249   Thumb Code   124  stm32f10x_tim.o(.text)
    TIM_BDTRConfig                           0x080012c5   Thumb Code    32  stm32f10x_tim.o(.text)
    TIM_TimeBaseStructInit                   0x080012e5   Thumb Code    18  stm32f10x_tim.o(.text)
    TIM_OCStructInit                         0x080012f7   Thumb Code    20  stm32f10x_tim.o(.text)
    TIM_ICStructInit                         0x0800130b   Thumb Code    18  stm32f10x_tim.o(.text)
    TIM_BDTRStructInit                       0x0800131d   Thumb Code    40  stm32f10x_tim.o(.text)
    TIM_Cmd                                  0x08001345   Thumb Code    24  stm32f10x_tim.o(.text)
    TIM_CtrlPWMOutputs                       0x0800135d   Thumb Code    30  stm32f10x_tim.o(.text)
    TIM_ITConfig                             0x0800137b   Thumb Code    18  stm32f10x_tim.o(.text)
    TIM_GenerateEvent                        0x0800138d   Thumb Code     4  stm32f10x_tim.o(.text)
    TIM_DMAConfig                            0x08001391   Thumb Code    10  stm32f10x_tim.o(.text)
    TIM_DMACmd                               0x0800139b   Thumb Code    18  stm32f10x_tim.o(.text)
    TIM_InternalClockConfig                  0x080013ad   Thumb Code    12  stm32f10x_tim.o(.text)
    TIM_SelectInputTrigger                   0x080013b9   Thumb Code    18  stm32f10x_tim.o(.text)
    TIM_ITRxExternalClockConfig              0x080013cb   Thumb Code    24  stm32f10x_tim.o(.text)
    TIM_TIxExternalClockConfig               0x080013e3   Thumb Code    62  stm32f10x_tim.o(.text)
    TIM_ETRConfig                            0x08001421   Thumb Code    28  stm32f10x_tim.o(.text)
    TIM_ETRClockMode1Config                  0x0800143d   Thumb Code    54  stm32f10x_tim.o(.text)
    TIM_ETRClockMode2Config                  0x08001473   Thumb Code    32  stm32f10x_tim.o(.text)
    TIM_PrescalerConfig                      0x08001493   Thumb Code     6  stm32f10x_tim.o(.text)
    TIM_CounterModeConfig                    0x08001499   Thumb Code    18  stm32f10x_tim.o(.text)
    TIM_EncoderInterfaceConfig               0x080014ab   Thumb Code    66  stm32f10x_tim.o(.text)
    TIM_ForcedOC1Config                      0x080014ed   Thumb Code    18  stm32f10x_tim.o(.text)
    TIM_ForcedOC2Config                      0x080014ff   Thumb Code    26  stm32f10x_tim.o(.text)
    TIM_ForcedOC3Config                      0x08001519   Thumb Code    18  stm32f10x_tim.o(.text)
    TIM_ForcedOC4Config                      0x0800152b   Thumb Code    26  stm32f10x_tim.o(.text)
    TIM_ARRPreloadConfig                     0x08001545   Thumb Code    24  stm32f10x_tim.o(.text)
    TIM_SelectCOM                            0x0800155d   Thumb Code    24  stm32f10x_tim.o(.text)
    TIM_SelectCCDMA                          0x08001575   Thumb Code    24  stm32f10x_tim.o(.text)
    TIM_CCPreloadControl                     0x0800158d   Thumb Code    24  stm32f10x_tim.o(.text)
    TIM_OC1PreloadConfig                     0x080015a5   Thumb Code    18  stm32f10x_tim.o(.text)
    TIM_OC2PreloadConfig                     0x080015b7   Thumb Code    26  stm32f10x_tim.o(.text)
    TIM_OC3PreloadConfig                     0x080015d1   Thumb Code    18  stm32f10x_tim.o(.text)
    TIM_OC4PreloadConfig                     0x080015e3   Thumb Code    26  stm32f10x_tim.o(.text)
    TIM_OC1FastConfig                        0x080015fd   Thumb Code    18  stm32f10x_tim.o(.text)
    TIM_OC2FastConfig                        0x0800160f   Thumb Code    26  stm32f10x_tim.o(.text)
    TIM_OC3FastConfig                        0x08001629   Thumb Code    18  stm32f10x_tim.o(.text)
    TIM_OC4FastConfig                        0x0800163b   Thumb Code    26  stm32f10x_tim.o(.text)
    TIM_ClearOC1Ref                          0x08001655   Thumb Code    18  stm32f10x_tim.o(.text)
    TIM_ClearOC2Ref                          0x08001667   Thumb Code    24  stm32f10x_tim.o(.text)
    TIM_ClearOC3Ref                          0x0800167f   Thumb Code    18  stm32f10x_tim.o(.text)
    TIM_ClearOC4Ref                          0x08001691   Thumb Code    24  stm32f10x_tim.o(.text)
    TIM_OC1PolarityConfig                    0x080016a9   Thumb Code    18  stm32f10x_tim.o(.text)
    TIM_OC1NPolarityConfig                   0x080016bb   Thumb Code    18  stm32f10x_tim.o(.text)
    TIM_OC2PolarityConfig                    0x080016cd   Thumb Code    26  stm32f10x_tim.o(.text)
    TIM_OC2NPolarityConfig                   0x080016e7   Thumb Code    26  stm32f10x_tim.o(.text)
    TIM_OC3PolarityConfig                    0x08001701   Thumb Code    26  stm32f10x_tim.o(.text)
    TIM_OC3NPolarityConfig                   0x0800171b   Thumb Code    26  stm32f10x_tim.o(.text)
    TIM_OC4PolarityConfig                    0x08001735   Thumb Code    26  stm32f10x_tim.o(.text)
    TIM_CCxCmd                               0x0800174f   Thumb Code    30  stm32f10x_tim.o(.text)
    TIM_CCxNCmd                              0x0800176d   Thumb Code    30  stm32f10x_tim.o(.text)
    TIM_SelectOCxM                           0x0800178b   Thumb Code    82  stm32f10x_tim.o(.text)
    TIM_UpdateDisableConfig                  0x080017dd   Thumb Code    24  stm32f10x_tim.o(.text)
    TIM_UpdateRequestConfig                  0x080017f5   Thumb Code    24  stm32f10x_tim.o(.text)
    TIM_SelectHallSensor                     0x0800180d   Thumb Code    24  stm32f10x_tim.o(.text)
    TIM_SelectOnePulseMode                   0x08001825   Thumb Code    18  stm32f10x_tim.o(.text)
    TIM_SelectOutputTrigger                  0x08001837   Thumb Code    18  stm32f10x_tim.o(.text)
    TIM_SelectSlaveMode                      0x08001849   Thumb Code    18  stm32f10x_tim.o(.text)
    TIM_SelectMasterSlaveMode                0x0800185b   Thumb Code    18  stm32f10x_tim.o(.text)
    TIM_SetCounter                           0x0800186d   Thumb Code     4  stm32f10x_tim.o(.text)
    TIM_SetAutoreload                        0x08001871   Thumb Code     4  stm32f10x_tim.o(.text)
    TIM_SetCompare1                          0x08001875   Thumb Code     4  stm32f10x_tim.o(.text)
    TIM_SetCompare2                          0x08001879   Thumb Code     4  stm32f10x_tim.o(.text)
    TIM_SetCompare3                          0x0800187d   Thumb Code     4  stm32f10x_tim.o(.text)
    TIM_SetCompare4                          0x08001881   Thumb Code     6  stm32f10x_tim.o(.text)
    TIM_SetClockDivision                     0x08001887   Thumb Code    18  stm32f10x_tim.o(.text)
    TIM_GetCapture1                          0x08001899   Thumb Code     6  stm32f10x_tim.o(.text)
    TIM_GetCapture2                          0x0800189f   Thumb Code     6  stm32f10x_tim.o(.text)
    TIM_GetCapture3                          0x080018a5   Thumb Code     6  stm32f10x_tim.o(.text)
    TIM_GetCapture4                          0x080018ab   Thumb Code     8  stm32f10x_tim.o(.text)
    TIM_GetCounter                           0x080018b3   Thumb Code     6  stm32f10x_tim.o(.text)
    TIM_GetPrescaler                         0x080018b9   Thumb Code     6  stm32f10x_tim.o(.text)
    TIM_GetFlagStatus                        0x080018bf   Thumb Code    18  stm32f10x_tim.o(.text)
    TIM_ClearFlag                            0x080018d1   Thumb Code     6  stm32f10x_tim.o(.text)
    TIM_GetITStatus                          0x080018d7   Thumb Code    34  stm32f10x_tim.o(.text)
    TIM_ClearITPendingBit                    0x080018f9   Thumb Code     6  stm32f10x_tim.o(.text)
    USART_DeInit                             0x08001901   Thumb Code   134  stm32f10x_usart.o(.text)
    USART_Init                               0x08001987   Thumb Code   210  stm32f10x_usart.o(.text)
    USART_StructInit                         0x08001a59   Thumb Code    24  stm32f10x_usart.o(.text)
    USART_ClockInit                          0x08001a71   Thumb Code    34  stm32f10x_usart.o(.text)
    USART_ClockStructInit                    0x08001a93   Thumb Code    12  stm32f10x_usart.o(.text)
    USART_Cmd                                0x08001a9f   Thumb Code    24  stm32f10x_usart.o(.text)
    USART_ITConfig                           0x08001ab7   Thumb Code    74  stm32f10x_usart.o(.text)
    USART_DMACmd                             0x08001b01   Thumb Code    18  stm32f10x_usart.o(.text)
    USART_SetAddress                         0x08001b13   Thumb Code    18  stm32f10x_usart.o(.text)
    USART_WakeUpConfig                       0x08001b25   Thumb Code    18  stm32f10x_usart.o(.text)
    USART_ReceiverWakeUpCmd                  0x08001b37   Thumb Code    24  stm32f10x_usart.o(.text)
    USART_LINBreakDetectLengthConfig         0x08001b4f   Thumb Code    18  stm32f10x_usart.o(.text)
    USART_LINCmd                             0x08001b61   Thumb Code    24  stm32f10x_usart.o(.text)
    USART_SendData                           0x08001b79   Thumb Code     8  stm32f10x_usart.o(.text)
    USART_ReceiveData                        0x08001b81   Thumb Code    10  stm32f10x_usart.o(.text)
    USART_SendBreak                          0x08001b8b   Thumb Code    10  stm32f10x_usart.o(.text)
    USART_SetGuardTime                       0x08001b95   Thumb Code    16  stm32f10x_usart.o(.text)
    USART_SetPrescaler                       0x08001ba5   Thumb Code    16  stm32f10x_usart.o(.text)
    USART_SmartCardCmd                       0x08001bb5   Thumb Code    24  stm32f10x_usart.o(.text)
    USART_SmartCardNACKCmd                   0x08001bcd   Thumb Code    24  stm32f10x_usart.o(.text)
    USART_HalfDuplexCmd                      0x08001be5   Thumb Code    24  stm32f10x_usart.o(.text)
    USART_OverSampling8Cmd                   0x08001bfd   Thumb Code    22  stm32f10x_usart.o(.text)
    USART_OneBitMethodCmd                    0x08001c13   Thumb Code    24  stm32f10x_usart.o(.text)
    USART_IrDAConfig                         0x08001c2b   Thumb Code    18  stm32f10x_usart.o(.text)
    USART_IrDACmd                            0x08001c3d   Thumb Code    24  stm32f10x_usart.o(.text)
    USART_GetFlagStatus                      0x08001c55   Thumb Code    26  stm32f10x_usart.o(.text)
    USART_ClearFlag                          0x08001c6f   Thumb Code    18  stm32f10x_usart.o(.text)
    USART_GetITStatus                        0x08001c81   Thumb Code    84  stm32f10x_usart.o(.text)
    USART_ClearITPendingBit                  0x08001cd5   Thumb Code    52  stm32f10x_usart.o(.text)
    ADC_DeInit                               0x08001d09   Thumb Code    78  stm32f10x_adc.o(.text)
    ADC_Init                                 0x08001d57   Thumb Code    70  stm32f10x_adc.o(.text)
    ADC_StructInit                           0x08001d9d   Thumb Code    18  stm32f10x_adc.o(.text)
    ADC_Cmd                                  0x08001daf   Thumb Code    22  stm32f10x_adc.o(.text)
    ADC_DMACmd                               0x08001dc5   Thumb Code    22  stm32f10x_adc.o(.text)
    ADC_ITConfig                             0x08001ddb   Thumb Code    24  stm32f10x_adc.o(.text)
    ADC_ResetCalibration                     0x08001df3   Thumb Code    10  stm32f10x_adc.o(.text)
    ADC_GetResetCalibrationStatus            0x08001dfd   Thumb Code    20  stm32f10x_adc.o(.text)
    ADC_StartCalibration                     0x08001e11   Thumb Code    10  stm32f10x_adc.o(.text)
    ADC_GetCalibrationStatus                 0x08001e1b   Thumb Code    20  stm32f10x_adc.o(.text)
    ADC_SoftwareStartConvCmd                 0x08001e2f   Thumb Code    22  stm32f10x_adc.o(.text)
    ADC_GetSoftwareStartConvStatus           0x08001e45   Thumb Code    20  stm32f10x_adc.o(.text)
    ADC_DiscModeChannelCountConfig           0x08001e59   Thumb Code    24  stm32f10x_adc.o(.text)
    ADC_DiscModeCmd                          0x08001e71   Thumb Code    22  stm32f10x_adc.o(.text)
    ADC_RegularChannelConfig                 0x08001e87   Thumb Code   184  stm32f10x_adc.o(.text)
    ADC_ExternalTrigConvCmd                  0x08001f3f   Thumb Code    22  stm32f10x_adc.o(.text)
    ADC_GetConversionValue                   0x08001f55   Thumb Code     8  stm32f10x_adc.o(.text)
    ADC_GetDualModeConversionValue           0x08001f5d   Thumb Code     8  stm32f10x_adc.o(.text)
    ADC_AutoInjectedConvCmd                  0x08001f65   Thumb Code    22  stm32f10x_adc.o(.text)
    ADC_InjectedDiscModeCmd                  0x08001f7b   Thumb Code    22  stm32f10x_adc.o(.text)
    ADC_ExternalTrigInjectedConvConfig       0x08001f91   Thumb Code    16  stm32f10x_adc.o(.text)
    ADC_ExternalTrigInjectedConvCmd          0x08001fa1   Thumb Code    22  stm32f10x_adc.o(.text)
    ADC_SoftwareStartInjectedConvCmd         0x08001fb7   Thumb Code    22  stm32f10x_adc.o(.text)
    ADC_GetSoftwareStartInjectedConvCmdStatus 0x08001fcd   Thumb Code    20  stm32f10x_adc.o(.text)
    ADC_InjectedChannelConfig                0x08001fe1   Thumb Code   130  stm32f10x_adc.o(.text)
    ADC_InjectedSequencerLengthConfig        0x08002063   Thumb Code    24  stm32f10x_adc.o(.text)
    ADC_SetInjectedOffset                    0x0800207b   Thumb Code    20  stm32f10x_adc.o(.text)
    ADC_GetInjectedConversionValue           0x0800208f   Thumb Code    28  stm32f10x_adc.o(.text)
    ADC_AnalogWatchdogCmd                    0x080020ab   Thumb Code    16  stm32f10x_adc.o(.text)
    ADC_AnalogWatchdogThresholdsConfig       0x080020bb   Thumb Code     6  stm32f10x_adc.o(.text)
    ADC_AnalogWatchdogSingleChannelConfig    0x080020c1   Thumb Code    16  stm32f10x_adc.o(.text)
    ADC_TempSensorVrefintCmd                 0x080020d1   Thumb Code    64  stm32f10x_adc.o(.text)
    ADC_GetFlagStatus                        0x08002111   Thumb Code    18  stm32f10x_adc.o(.text)
    ADC_ClearFlag                            0x08002123   Thumb Code     6  stm32f10x_adc.o(.text)
    ADC_GetITStatus                          0x08002129   Thumb Code    36  stm32f10x_adc.o(.text)
    ADC_ClearITPendingBit                    0x0800214d   Thumb Code    10  stm32f10x_adc.o(.text)
    Delay_Init                               0x08002159   Thumb Code    48  delay.o(.text)
    DelayUs                                  0x08002189   Thumb Code    60  delay.o(.text)
    DelayXms                                 0x080021c5   Thumb Code    66  delay.o(.text)
    DelayMs                                  0x08002207   Thumb Code    60  delay.o(.text)
    fputc                                    0x0800224d   Thumb Code    32  usart.o(.text)
    fgetc                                    0x0800226d   Thumb Code    26  usart.o(.text)
    usart_init                               0x08002287   Thumb Code   152  usart.o(.text)
    USART1_IRQHandler                        0x0800231f   Thumb Code   402  usart.o(.text)
    USART3_IRQHandler                        0x080024d1   Thumb Code    24  usart3.o(.text)
    usart3_init                              0x080024e9   Thumb Code   158  usart3.o(.text)
    LED_Init                                 0x08002591   Thumb Code   104  led.o(.text)
    TIM1_Int_Init                            0x08002601   Thumb Code    94  timer.o(.text)
    TIM3_Int_Init                            0x0800265f   Thumb Code    96  timer.o(.text)
    TIM4_Int_Init                            0x080026bf   Thumb Code    90  timer.o(.text)
    TIM1_UP_IRQHandler                       0x08002719   Thumb Code    20  timer.o(.text)
    TIM4_IRQHandler                          0x0800272d   Thumb Code    20  timer.o(.text)
    usart2_init                              0x0800274d   Thumb Code   154  usart2.o(.text)
    USART2_IRQHandler                        0x080027e7   Thumb Code    32  usart2.o(.text)
    Adc1_Init                                0x08002811   Thumb Code   120  adc.o(.text)
    Get_Adc1_chx                             0x08002889   Thumb Code    46  adc.o(.text)
    Lsens_Init                               0x080028bd   Thumb Code    36  lsens.o(.text)
    Lsens_Get_Val_ch1                        0x080028e1   Thumb Code   106  lsens.o(.text)
    Lsens_Get_Val_ch4                        0x0800294b   Thumb Code   106  lsens.o(.text)
    DHT11_IO_IN                              0x080029c5   Thumb Code    42  dht11.o(.text)
    DHT11_IO_OUT                             0x080029ef   Thumb Code    32  dht11.o(.text)
    DHT11_Rst                                0x08002a0f   Thumb Code    40  dht11.o(.text)
    DHT11_Check                              0x08002a37   Thumb Code    88  dht11.o(.text)
    DHT11_Read_Bit                           0x08002a8f   Thumb Code    90  dht11.o(.text)
    DHT11_Read_Byte                          0x08002ae9   Thumb Code    30  dht11.o(.text)
    DHT11_Read_Data                          0x08002b07   Thumb Code    88  dht11.o(.text)
    DHT11_Init                               0x08002b5f   Thumb Code    12  dht11.o(.text)
    SGP30_GPIO_Init                          0x08002b71   Thumb Code    52  sgp30.o(.text)
    SDA_OUT                                  0x08002ba5   Thumb Code    30  sgp30.o(.text)
    SDA_IN                                   0x08002bc3   Thumb Code    30  sgp30.o(.text)
    SGP30_IIC_Start                          0x08002be1   Thumb Code    46  sgp30.o(.text)
    SGP30_IIC_Stop                           0x08002c0f   Thumb Code    48  sgp30.o(.text)
    SGP30_IIC_Wait_Ack                       0x08002c3f   Thumb Code    74  sgp30.o(.text)
    SGP30_IIC_Ack                            0x08002c89   Thumb Code    52  sgp30.o(.text)
    SGP30_IIC_NAck                           0x08002cbd   Thumb Code    52  sgp30.o(.text)
    SGP30_IIC_Send_Byte                      0x08002cf1   Thumb Code    92  sgp30.o(.text)
    SGP30_IIC_Read_Byte                      0x08002d4d   Thumb Code    88  sgp30.o(.text)
    SGP30_Write                              0x08002da5   Thumb Code    52  sgp30.o(.text)
    SGP30_Init                               0x08002dd9   Thumb Code    16  sgp30.o(.text)
    SGP30_Read                               0x08002de9   Thumb Code    72  sgp30.o(.text)
    TIM2_Init                                0x08002e3d   Thumb Code   106  tim2.o(.text)
    Delay_ms                                 0x08002ea7   Thumb Code    66  tim2.o(.text)
    Hardware_Init                            0x08002ef5   Thumb Code    58  main.o(.text)
    main                                     0x08002f2f   Thumb Code   350  main.o(.text)
    NMI_Handler                              0x08003145   Thumb Code     2  stm32f10x_it.o(.text)
    HardFault_Handler                        0x08003147   Thumb Code     4  stm32f10x_it.o(.text)
    MemManage_Handler                        0x0800314b   Thumb Code     4  stm32f10x_it.o(.text)
    BusFault_Handler                         0x0800314f   Thumb Code     4  stm32f10x_it.o(.text)
    UsageFault_Handler                       0x08003153   Thumb Code     4  stm32f10x_it.o(.text)
    SVC_Handler                              0x08003157   Thumb Code     2  stm32f10x_it.o(.text)
    DebugMon_Handler                         0x08003159   Thumb Code     2  stm32f10x_it.o(.text)
    PendSV_Handler                           0x0800315b   Thumb Code     2  stm32f10x_it.o(.text)
    SysTick_Handler                          0x0800315d   Thumb Code     2  stm32f10x_it.o(.text)
    __aeabi_fadd                             0x0800315f   Thumb Code   164  fadd.o(.text)
    __aeabi_fsub                             0x08003203   Thumb Code     6  fadd.o(.text)
    __aeabi_frsub                            0x08003209   Thumb Code     6  fadd.o(.text)
    __aeabi_fdiv                             0x0800320f   Thumb Code   124  fdiv.o(.text)
    __aeabi_dadd                             0x0800328b   Thumb Code   322  dadd.o(.text)
    __aeabi_dsub                             0x080033cd   Thumb Code     6  dadd.o(.text)
    __aeabi_drsub                            0x080033d3   Thumb Code     6  dadd.o(.text)
    __aeabi_dmul                             0x080033d9   Thumb Code   228  dmul.o(.text)
    __aeabi_ddiv                             0x080034bd   Thumb Code   222  ddiv.o(.text)
    __aeabi_ui2f                             0x0800359b   Thumb Code    10  ffltui.o(.text)
    __aeabi_ui2d                             0x080035a5   Thumb Code    26  dfltui.o(.text)
    __aeabi_d2uiz                            0x080035bf   Thumb Code    50  dfixui.o(.text)
    __aeabi_f2d                              0x080035f1   Thumb Code    38  f2d.o(.text)
    __aeabi_d2f                              0x08003617   Thumb Code    56  d2f.o(.text)
    __aeabi_uidiv                            0x0800364f   Thumb Code     0  uidiv.o(.text)
    __aeabi_uidivmod                         0x0800364f   Thumb Code    44  uidiv.o(.text)
    __aeabi_uldivmod                         0x0800367b   Thumb Code    98  uldiv.o(.text)
    __aeabi_llsl                             0x080036dd   Thumb Code    30  llshl.o(.text)
    _ll_shift_l                              0x080036dd   Thumb Code     0  llshl.o(.text)
    __aeabi_llsr                             0x080036fb   Thumb Code    32  llushr.o(.text)
    _ll_ushift_r                             0x080036fb   Thumb Code     0  llushr.o(.text)
    __aeabi_lasr                             0x0800371b   Thumb Code    36  llsshr.o(.text)
    _ll_sshift_r                             0x0800371b   Thumb Code     0  llsshr.o(.text)
    __I$use$fp                               0x0800373f   Thumb Code     0  iusefp.o(.text)
    _float_round                             0x0800373f   Thumb Code    18  fepilogue.o(.text)
    _float_epilogue                          0x08003751   Thumb Code    92  fepilogue.o(.text)
    _double_round                            0x080037ad   Thumb Code    30  depilogue.o(.text)
    _double_epilogue                         0x080037cb   Thumb Code   156  depilogue.o(.text)
    __aeabi_d2ulz                            0x08003867   Thumb Code    48  dfixul.o(.text)
    __aeabi_cdrcmple                         0x08003899   Thumb Code    48  cdrcmple.o(.text)
    __scatterload                            0x080038c9   Thumb Code    28  init.o(.text)
    __scatterload_rt2                        0x080038c9   Thumb Code     0  init.o(.text)
    __0printf                                0x080038ed   Thumb Code    22  printfa.o(i.__0printf)
    __1printf                                0x080038ed   Thumb Code     0  printfa.o(i.__0printf)
    __2printf                                0x080038ed   Thumb Code     0  printfa.o(i.__0printf)
    __c89printf                              0x080038ed   Thumb Code     0  printfa.o(i.__0printf)
    printf                                   0x080038ed   Thumb Code     0  printfa.o(i.__0printf)
    __scatterload_copy                       0x0800390d   Thumb Code    14  handlers.o(i.__scatterload_copy)
    __scatterload_null                       0x0800391b   Thumb Code     2  handlers.o(i.__scatterload_null)
    __scatterload_zeroinit                   0x0800391d   Thumb Code    14  handlers.o(i.__scatterload_zeroinit)
    Region$$Table$$Base                      0x080041b8   Number         0  anon$$obj.o(Region$$Table)
    Region$$Table$$Limit                     0x080041d8   Number         0  anon$$obj.o(Region$$Table)
    SystemCoreClock                          0x20000000   Data           4  system_stm32f10x.o(.data)
    AHBPrescTable                            0x20000004   Data          16  system_stm32f10x.o(.data)
    UsCount                                  0x20000028   Data           1  delay.o(.data)
    MsCount                                  0x2000002a   Data           2  delay.o(.data)
    rxd_buf                                  0x2000002c   Data           6  usart.o(.data)
    rxd_flag                                 0x20000032   Data           1  usart.o(.data)
    rxd_index                                0x20000033   Data           1  usart.o(.data)
    temp                                     0x20000038   Data           1  main.o(.data)
    temp_th                                  0x20000039   Data           1  main.o(.data)
    huim                                     0x2000003a   Data           1  main.o(.data)
    open_flag                                0x2000003b   Data           1  main.o(.data)
    CO2                                      0x2000003c   Data           4  main.o(.data)
    sgp30_dat                                0x20000040   Data           4  main.o(.data)
    open_time                                0x20000044   Data           1  main.o(.data)
    stop_time                                0x20000045   Data           1  main.o(.data)
    time                                     0x20000046   Data           1  main.o(.data)
    ags                                      0x20000048   Data           4  main.o(.data)
    __stdout                                 0x2000004c   Data           4  stdout.o(.data)
    __initial_sp                             0x20000450   Data           0  startup_stm32f10x_md.o(STACK)



==============================================================================

Memory Map of the image

  Image Entry point : 0x080000ed

  Load Region LR_IROM1 (Base: 0x08000000, Size: 0x00004228, Max: 0x00010000, ABSOLUTE)

    Execution Region ER_IROM1 (Exec base: 0x08000000, Load base: 0x08000000, Size: 0x000041d8, Max: 0x00010000, ABSOLUTE)

    Exec Addr    Load Addr    Size         Type   Attr      Idx    E Section Name        Object

    0x08000000   0x08000000   0x000000ec   Data   RO            3    RESET               startup_stm32f10x_md.o
    0x080000ec   0x080000ec   0x00000000   Code   RO          640  * .ARM.Collect$$$$00000000  mc_w.l(entry.o)
    0x080000ec   0x080000ec   0x00000004   Code   RO          940    .ARM.Collect$$$$00000001  mc_w.l(entry2.o)
    0x080000f0   0x080000f0   0x00000004   Code   RO          943    .ARM.Collect$$$$00000004  mc_w.l(entry5.o)
    0x080000f4   0x080000f4   0x00000000   Code   RO          945    .ARM.Collect$$$$00000008  mc_w.l(entry7b.o)
    0x080000f4   0x080000f4   0x00000000   Code   RO          947    .ARM.Collect$$$$0000000A  mc_w.l(entry8b.o)
    0x080000f4   0x080000f4   0x00000008   Code   RO          948    .ARM.Collect$$$$0000000B  mc_w.l(entry9a.o)
    0x080000fc   0x080000fc   0x00000004   Code   RO          955    .ARM.Collect$$$$0000000E  mc_w.l(entry12b.o)
    0x08000100   0x08000100   0x00000000   Code   RO          950    .ARM.Collect$$$$0000000F  mc_w.l(entry10a.o)
    0x08000100   0x08000100   0x00000000   Code   RO          952    .ARM.Collect$$$$00000011  mc_w.l(entry11a.o)
    0x08000100   0x08000100   0x00000004   Code   RO          941    .ARM.Collect$$$$00002712  mc_w.l(entry2.o)
    0x08000104   0x08000104   0x00000024   Code   RO            4    .text               startup_stm32f10x_md.o
    0x08000128   0x08000128   0x000001e0   Code   RO           24    .text               system_stm32f10x.o
    0x08000308   0x08000308   0x000000dc   Code   RO          121    .text               misc.o
    0x080003e4   0x080003e4   0x0000035c   Code   RO          149    .text               stm32f10x_gpio.o
    0x08000740   0x08000740   0x000003a4   Code   RO          173    .text               stm32f10x_rcc.o
    0x08000ae4   0x08000ae4   0x00000e1a   Code   RO          187    .text               stm32f10x_tim.o
    0x080018fe   0x080018fe   0x00000002   PAD
    0x08001900   0x08001900   0x00000408   Code   RO          199    .text               stm32f10x_usart.o
    0x08001d08   0x08001d08   0x0000044e   Code   RO          247    .text               stm32f10x_adc.o
    0x08002156   0x08002156   0x00000002   PAD
    0x08002158   0x08002158   0x000000f4   Code   RO          271    .text               delay.o
    0x0800224c   0x0800224c   0x00000284   Code   RO          289    .text               usart.o
    0x080024d0   0x080024d0   0x000000c0   Code   RO          312    .text               usart3.o
    0x08002590   0x08002590   0x00000070   Code   RO          360    .text               led.o
    0x08002600   0x08002600   0x0000014c   Code   RO          387    .text               timer.o
    0x0800274c   0x0800274c   0x000000c4   Code   RO          417    .text               usart2.o
    0x08002810   0x08002810   0x000000ac   Code   RO          432    .text               adc.o
    0x080028bc   0x080028bc   0x00000108   Code   RO          447    .text               lsens.o
    0x080029c4   0x080029c4   0x000001ac   Code   RO          462    .text               dht11.o
    0x08002b70   0x08002b70   0x000002cc   Code   RO          477    .text               sgp30.o
    0x08002e3c   0x08002e3c   0x000000b8   Code   RO          492    .text               tim2.o
    0x08002ef4   0x08002ef4   0x00000250   Code   RO          507    .text               main.o
    0x08003144   0x08003144   0x0000001a   Code   RO          525    .text               stm32f10x_it.o
    0x0800315e   0x0800315e   0x000000b0   Code   RO          914    .text               mf_w.l(fadd.o)
    0x0800320e   0x0800320e   0x0000007c   Code   RO          918    .text               mf_w.l(fdiv.o)
    0x0800328a   0x0800328a   0x0000014e   Code   RO          920    .text               mf_w.l(dadd.o)
    0x080033d8   0x080033d8   0x000000e4   Code   RO          922    .text               mf_w.l(dmul.o)
    0x080034bc   0x080034bc   0x000000de   Code   RO          924    .text               mf_w.l(ddiv.o)
    0x0800359a   0x0800359a   0x0000000a   Code   RO          926    .text               mf_w.l(ffltui.o)
    0x080035a4   0x080035a4   0x0000001a   Code   RO          928    .text               mf_w.l(dfltui.o)
    0x080035be   0x080035be   0x00000032   Code   RO          932    .text               mf_w.l(dfixui.o)
    0x080035f0   0x080035f0   0x00000026   Code   RO          934    .text               mf_w.l(f2d.o)
    0x08003616   0x08003616   0x00000038   Code   RO          936    .text               mf_w.l(d2f.o)
    0x0800364e   0x0800364e   0x0000002c   Code   RO          957    .text               mc_w.l(uidiv.o)
    0x0800367a   0x0800367a   0x00000062   Code   RO          959    .text               mc_w.l(uldiv.o)
    0x080036dc   0x080036dc   0x0000001e   Code   RO          961    .text               mc_w.l(llshl.o)
    0x080036fa   0x080036fa   0x00000020   Code   RO          963    .text               mc_w.l(llushr.o)
    0x0800371a   0x0800371a   0x00000024   Code   RO          965    .text               mc_w.l(llsshr.o)
    0x0800373e   0x0800373e   0x00000000   Code   RO          967    .text               mc_w.l(iusefp.o)
    0x0800373e   0x0800373e   0x0000006e   Code   RO          968    .text               mf_w.l(fepilogue.o)
    0x080037ac   0x080037ac   0x000000ba   Code   RO          970    .text               mf_w.l(depilogue.o)
    0x08003866   0x08003866   0x00000030   Code   RO          972    .text               mf_w.l(dfixul.o)
    0x08003896   0x08003896   0x00000002   PAD
    0x08003898   0x08003898   0x00000030   Code   RO          974    .text               mf_w.l(cdrcmple.o)
    0x080038c8   0x080038c8   0x00000024   Code   RO          976    .text               mc_w.l(init.o)
    0x080038ec   0x080038ec   0x00000020   Code   RO          886    i.__0printf         mc_w.l(printfa.o)
    0x0800390c   0x0800390c   0x0000000e   Code   RO          980    i.__scatterload_copy  mc_w.l(handlers.o)
    0x0800391a   0x0800391a   0x00000002   Code   RO          981    i.__scatterload_null  mc_w.l(handlers.o)
    0x0800391c   0x0800391c   0x0000000e   Code   RO          982    i.__scatterload_zeroinit  mc_w.l(handlers.o)
    0x0800392a   0x0800392a   0x00000002   PAD
    0x0800392c   0x0800392c   0x00000184   Code   RO          893    i._fp_digits        mc_w.l(printfa.o)
    0x08003ab0   0x08003ab0   0x000006b4   Code   RO          894    i._printf_core      mc_w.l(printfa.o)
    0x08004164   0x08004164   0x00000024   Code   RO          895    i._printf_post_padding  mc_w.l(printfa.o)
    0x08004188   0x08004188   0x0000002e   Code   RO          896    i._printf_pre_padding  mc_w.l(printfa.o)
    0x080041b6   0x080041b6   0x00000002   PAD
    0x080041b8   0x080041b8   0x00000020   Data   RO          978    Region$$Table       anon$$obj.o


    Execution Region RW_IRAM1 (Exec base: 0x20000000, Load base: 0x080041d8, Size: 0x00000450, Max: 0x00005000, ABSOLUTE)

    Exec Addr    Load Addr    Size         Type   Attr      Idx    E Section Name        Object

    0x20000000   0x080041d8   0x00000014   Data   RW           25    .data               system_stm32f10x.o
    0x20000014   0x080041ec   0x00000014   Data   RW          174    .data               stm32f10x_rcc.o
    0x20000028   0x08004200   0x00000004   Data   RW          272    .data               delay.o
    0x2000002c   0x08004204   0x00000009   Data   RW          290    .data               usart.o
    0x20000035   0x0800420d   0x00000003   PAD
    0x20000038   0x08004210   0x00000014   Data   RW          508    .data               main.o
    0x2000004c   0x08004224   0x00000004   Data   RW          956    .data               mc_w.l(stdout.o)
    0x20000050        -       0x00000400   Zero   RW            1    STACK               startup_stm32f10x_md.o


==============================================================================

Image component sizes


      Code (inc. data)   RO Data    RW Data    ZI Data      Debug   Object Name

       172          6          0          0          0        813   adc.o
         0          0          0          0          0       4508   core_cm3.o
       244         10          0          4          0       1564   delay.o
       428          6          0          0          0       2443   dht11.o
       112          8          0          0          0        559   led.o
       264         16          0          0          0       1009   lsens.o
       592        184          0         20          0       1334   main.o
       220         22          0          0          0       1821   misc.o
       716         12          0          0          0       2834   sgp30.o
        36          8        236          0       1024        848   startup_stm32f10x_md.o
      1102         26          0          0          0      11061   stm32f10x_adc.o
       860         38          0          0          0       5753   stm32f10x_gpio.o
        26          0          0          0          0       1246   stm32f10x_it.o
       932         36          0         20          0       8960   stm32f10x_rcc.o
      3610         88          0          0          0      22860   stm32f10x_tim.o
      1032         22          0          0          0       8480   stm32f10x_usart.o
       480         38          0         20          0     257987   system_stm32f10x.o
       184         12          0          0          0       1121   tim2.o
       332         12          0          0          0       1639   timer.o
       644         40          0          9          0       3613   usart.o
       196         10          0          0          0        924   usart2.o
       192         10          0          0          0        916   usart3.o

    ----------------------------------------------------------------------
     12378        604        268         76       1024     342293   Object Totals
         0          0         32          0          0          0   (incl. Generated)
         4          0          0          3          0          0   (incl. Padding)

    ----------------------------------------------------------------------

      Code (inc. data)   RO Data    RW Data    ZI Data      Debug   Library Member Name

         0          0          0          0          0          0   entry.o
         0          0          0          0          0          0   entry10a.o
         0          0          0          0          0          0   entry11a.o
         4          0          0          0          0          0   entry12b.o
         8          4          0          0          0          0   entry2.o
         4          0          0          0          0          0   entry5.o
         0          0          0          0          0          0   entry7b.o
         0          0          0          0          0          0   entry8b.o
         8          4          0          0          0          0   entry9a.o
        30          0          0          0          0          0   handlers.o
        36          8          0          0          0         68   init.o
         0          0          0          0          0          0   iusefp.o
        30          0          0          0          0         68   llshl.o
        36          0          0          0          0         68   llsshr.o
        32          0          0          0          0         68   llushr.o
      2218         90          0          0          0        464   printfa.o
         0          0          0          4          0          0   stdout.o
        44          0          0          0          0         80   uidiv.o
        98          0          0          0          0         92   uldiv.o
        48          0          0          0          0         68   cdrcmple.o
        56          0          0          0          0         88   d2f.o
       334          0          0          0          0        148   dadd.o
       222          0          0          0          0        100   ddiv.o
       186          0          0          0          0        176   depilogue.o
        50          0          0          0          0         76   dfixui.o
        48          0          0          0          0         68   dfixul.o
        26          0          0          0          0         76   dfltui.o
       228          0          0          0          0         96   dmul.o
        38          0          0          0          0         68   f2d.o
       176          0          0          0          0        140   fadd.o
       124          0          0          0          0         88   fdiv.o
       110          0          0          0          0        168   fepilogue.o
        10          0          0          0          0         68   ffltui.o

    ----------------------------------------------------------------------
      4210        106          0          4          0       2336   Library Totals
         6          0          0          0          0          0   (incl. Padding)

    ----------------------------------------------------------------------

      Code (inc. data)   RO Data    RW Data    ZI Data      Debug   Library Name

      2548        106          0          4          0        908   mc_w.l
      1656          0          0          0          0       1428   mf_w.l

    ----------------------------------------------------------------------
      4210        106          0          4          0       2336   Library Totals

    ----------------------------------------------------------------------

==============================================================================


      Code (inc. data)   RO Data    RW Data    ZI Data      Debug   

     16588        710        268         80       1024     342077   Grand Totals
     16588        710        268         80       1024     342077   ELF Image Totals
     16588        710        268         80          0          0   ROM Totals

==============================================================================

    Total RO  Size (Code + RO Data)                16856 (  16.46kB)
    Total RW  Size (RW Data + ZI Data)              1104 (   1.08kB)
    Total ROM Size (Code + RO Data + RW Data)      16936 (  16.54kB)

==============================================================================

